
 Start         Length     Name                   Class
 0001:00000000 000B76C4H .text                   CODE
 0002:00000000 00002B80H .data                   DATA
 0002:00002B80 00000DF9H .bss                    BSS


Detailed map of segments

 0001:00000000 00005323 C=CODE     S=.text    G=(none)   M=System   ACBP=A9
 0001:00005324 00000140 C=CODE     S=.text    G=(none)   M=SysInit  ACBP=A9
 0001:00005464 00000150 C=CODE     S=.text    G=(none)   M=Types    ACBP=A9
 0001:000055B4 00000CEC C=CODE     S=.text    G=(none)   M=Windows  ACBP=A9
 0001:000062A0 00000038 C=CODE     S=.text    G=(none)   M=Messages ACBP=A9
 0001:000062D8 00000320 C=CODE     S=.text    G=(none)   M=SysConst ACBP=A9
 0001:000065F8 000074D4 C=CODE     S=.text    G=(none)   M=SysUtils ACBP=A9
 0001:0000DACC 000007FB C=CODE     S=.text    G=(none)   M=VarUtils ACBP=A9
 0001:0000E2C8 00005B96 C=CODE     S=.text    G=(none)   M=Variants ACBP=A9
 0001:00013E60 00000120 C=CODE     S=.text    G=(none)   M=RTLConsts ACBP=A9
 0001:00013F80 000008B0 C=CODE     S=.text    G=(none)   M=TypInfo  ACBP=A9
 0001:00014830 000000E0 C=CODE     S=.text    G=(none)   M=ActiveX  ACBP=A9
 0001:00014910 0000985E C=CODE     S=.text    G=(none)   M=Classes  ACBP=A9
 0001:0001E170 000002F8 C=CODE     S=.text    G=(none)   M=Consts   ACBP=A9
 0001:0001E468 00009107 C=CODE     S=.text    G=(none)   M=Graphics ACBP=A9
 0001:00027570 00000048 C=CODE     S=.text    G=(none)   M=Math     ACBP=A9
 0001:000275B8 000002B8 C=CODE     S=.text    G=(none)   M=Contnrs  ACBP=A9
 0001:00027870 00000198 C=CODE     S=.text    G=(none)   M=CommCtrl ACBP=A9
 0001:00027A08 00000787 C=CODE     S=.text    G=(none)   M=MultiMon ACBP=A9
 0001:00028190 00000038 C=CODE     S=.text    G=(none)   M=Imm      ACBP=A9
 0001:000281C8 00000FF8 C=CODE     S=.text    G=(none)   M=HelpIntfs ACBP=A9
 0001:000291C0 00000038 C=CODE     S=.text    G=(none)   M=WinSpool ACBP=A9
 0001:000291F8 00000044 C=CODE     S=.text    G=(none)   M=Printers ACBP=A9
 0001:0002923C 0000031F C=CODE     S=.text    G=(none)   M=FlatSB   ACBP=A9
 0001:0002955C 000001A4 C=CODE     S=.text    G=(none)   M=SyncObjs ACBP=A9
 0001:00029700 000009BB C=CODE     S=.text    G=(none)   M=UxTheme  ACBP=A9
 0001:0002A0BC 00000038 C=CODE     S=.text    G=(none)   M=RichEdit ACBP=A9
 0001:0002A0F4 00000038 C=CODE     S=.text    G=(none)   M=ToolWin  ACBP=A9
 0001:0002A12C 00000038 C=CODE     S=.text    G=(none)   M=ShellAPI ACBP=A9
 0001:0002A164 00000038 C=CODE     S=.text    G=(none)   M=RegStr   ACBP=A9
 0001:0002A19C 00000038 C=CODE     S=.text    G=(none)   M=WinInet  ACBP=A9
 0001:0002A1D4 00000038 C=CODE     S=.text    G=(none)   M=UrlMon   ACBP=A9
 0001:0002A20C 00000038 C=CODE     S=.text    G=(none)   M=ShlObj   ACBP=A9
 0001:0002A244 00000038 C=CODE     S=.text    G=(none)   M=CommDlg  ACBP=A9
 0001:0002A27C 00000038 C=CODE     S=.text    G=(none)   M=Dlgs     ACBP=A9
 0001:0002A2B4 0000130D C=CODE     S=.text    G=(none)   M=Dialogs  ACBP=A9
 0001:0002B5C4 00002B3E C=CODE     S=.text    G=(none)   M=ExtCtrls ACBP=A9
 0001:0002E104 00000078 C=CODE     S=.text    G=(none)   M=ComStrs  ACBP=A9
 0001:0002E17C 00000094 C=CODE     S=.text    G=(none)   M=Clipbrd  ACBP=A9
 0001:0002E210 00000038 C=CODE     S=.text    G=(none)   M=StrUtils ACBP=A9
 0001:0002E248 00003821 C=CODE     S=.text    G=(none)   M=Buttons  ACBP=A9
 0001:00031A6C 00000038 C=CODE     S=.text    G=(none)   M=ExtDlgs  ACBP=A9
 0001:00031AA4 00000068 C=CODE     S=.text    G=(none)   M=IniFiles ACBP=A9
 0001:00031B0C 00000068 C=CODE     S=.text    G=(none)   M=Registry ACBP=A9
 0001:00031B74 0000006C C=CODE     S=.text    G=(none)   M=Mapi     ACBP=A9
 0001:00031BE0 00000058 C=CODE     S=.text    G=(none)   M=ExtActns ACBP=A9
 0001:00031C38 00000038 C=CODE     S=.text    G=(none)   M=ListActns ACBP=A9
 0001:00031C70 00003A80 C=CODE     S=.text    G=(none)   M=ComCtrls ACBP=A9
 0001:000356F0 00000CDC C=CODE     S=.text    G=(none)   M=Themes   ACBP=A9
 0001:000363CC 00005E94 C=CODE     S=.text    G=(none)   M=StdCtrls ACBP=A9
 0001:0003C260 00000168 C=CODE     S=.text    G=(none)   M=StdActns ACBP=A9
 0001:0003C3C8 00000D1F C=CODE     S=.text    G=(none)   M=WinHelpViewer ACBP=A9
 0001:0003D0E8 00010F27 C=CODE     S=.text    G=(none)   M=Controls ACBP=A9
 0001:0004E010 00001292 C=CODE     S=.text    G=(none)   M=ActnList ACBP=A9
 0001:0004F2A4 00001B9C C=CODE     S=.text    G=(none)   M=ImgList  ACBP=A9
 0001:00050E40 00006639 C=CODE     S=.text    G=(none)   M=Menus    ACBP=A9
 0001:0005747C 0000D160 C=CODE     S=.text    G=(none)   M=Forms    ACBP=A9
 0001:000645DC 00000060 C=CODE     S=.text    G=(none)   M=ComConst ACBP=A9
 0001:0006463C 00000FC9 C=CODE     S=.text    G=(none)   M=ComObj   ACBP=A9
 0001:00065608 00000038 C=CODE     S=.text    G=(none)   M=OPCtypes ACBP=A9
 0001:00065640 000000B7 C=CODE     S=.text    G=(none)   M=OPCDA    ACBP=A9
 0001:000656F8 000001F8 C=CODE     S=.text    G=(none)   M=OPCEdit  ACBP=A9
 0001:000658F0 000001E1 C=CODE     S=.text    G=(none)   M=BindHelp ACBP=A9
 0001:00065AD4 00000C88 C=CODE     S=.text    G=(none)   M=Qt       ACBP=A9
 0001:0006675C 000002A0 C=CODE     S=.text    G=(none)   M=QConsts  ACBP=A9
 0001:000669FC 000058B5 C=CODE     S=.text    G=(none)   M=QGraphics ACBP=A9
 0001:0006C2B4 00001D8C C=CODE     S=.text    G=(none)   M=QImgList ACBP=A9
 0001:0006E040 000000D8 C=CODE     S=.text    G=(none)   M=QClipbrd ACBP=A9
 0001:0006E118 00000104 C=CODE     S=.text    G=(none)   M=QStdCtrls ACBP=A9
 0001:0006E21C 00000308 C=CODE     S=.text    G=(none)   M=QExtCtrls ACBP=A9
 0001:0006E524 000000F5 C=CODE     S=.text    G=(none)   M=QButtons ACBP=A9
 0001:0006E61C 00000038 C=CODE     S=.text    G=(none)   M=QComCtrls ACBP=A9
 0001:0006E654 00000185 C=CODE     S=.text    G=(none)   M=QFileCtrls ACBP=A9
 0001:0006E7DC 00000070 C=CODE     S=.text    G=(none)   M=QFileDialog ACBP=A9
 0001:0006E84C 00000380 C=CODE     S=.text    G=(none)   M=QDialogs ACBP=A9
 0001:0006EBCC 00000038 C=CODE     S=.text    G=(none)   M=QSearch  ACBP=A9
 0001:0006EC04 00000164 C=CODE     S=.text    G=(none)   M=QStdActns ACBP=A9
 0001:0006ED68 00000E54 C=CODE     S=.text    G=(none)   M=QStyle   ACBP=A9
 0001:0006FBBC 00001080 C=CODE     S=.text    G=(none)   M=QActnList ACBP=A9
 0001:00070C3C 00004715 C=CODE     S=.text    G=(none)   M=QMenus   ACBP=A9
 0001:00075354 0000908E C=CODE     S=.text    G=(none)   M=QControls ACBP=A9
 0001:0007E3E4 00000894 C=CODE     S=.text    G=(none)   M=QTypes   ACBP=A9
 0001:0007EC78 00008A1E C=CODE     S=.text    G=(none)   M=QForms   ACBP=A9
 0001:00087698 00000038 C=CODE     S=.text    G=(none)   M=MaskUtils ACBP=A9
 0001:000876D0 00000038 C=CODE     S=.text    G=(none)   M=Mask     ACBP=A9
 0001:00087708 00000038 C=CODE     S=.text    G=(none)   M=Grids    ACBP=A9
 0001:00087740 00001BFC C=CODE     S=.text    G=(none)   M=Spin     ACBP=A9
 0001:0008933C 00001444 C=CODE     S=.text    G=(none)   M=FrameCollectSPT ACBP=A9
 0001:0008A780 00000A94 C=CODE     S=.text    G=(none)   M=FrameChemist ACBP=A9
 0001:0008B214 00000038 C=CODE     S=.text    G=(none)   M=FrameChemist2 ACBP=A9
 0001:0008B24C 00000A08 C=CODE     S=.text    G=(none)   M=FrameTurb_Ochered4 ACBP=A9
 0001:0008BC54 000004D4 C=CODE     S=.text    G=(none)   M=FrameTurb_Ochered5 ACBP=A9
 0001:0008C128 00000DFC C=CODE     S=.text    G=(none)   M=FrameTurb_TA10 ACBP=A9
 0001:0008CF24 000004CC C=CODE     S=.text    G=(none)   M=FrameTurb_Ochered7 ACBP=A9
 0001:0008D3F0 00000564 C=CODE     S=.text    G=(none)   M=FrameTurb_ROU10_13 ACBP=A9
 0001:0008D954 000019AC C=CODE     S=.text    G=(none)   M=FrameTurb_KA ACBP=A9
 0001:0008F300 000004E0 C=CODE     S=.text    G=(none)   M=FrameTurb_NGVS ACBP=A9
 0001:0008F7E0 00000610 C=CODE     S=.text    G=(none)   M=FrameTurb_Och4KA ACBP=A9
 0001:0008FDF0 00001210 C=CODE     S=.text    G=(none)   M=FrameTurb_Och5KA ACBP=A9
 0001:00091000 0000136C C=CODE     S=.text    G=(none)   M=FrameTurb_Och6KA ACBP=A9
 0001:0009236C 00001014 C=CODE     S=.text    G=(none)   M=FrameTurb_Och7KA ACBP=A9
 0001:00093380 0000048C C=CODE     S=.text    G=(none)   M=FrameTurb_PDU ACBP=A9
 0001:0009380C 00001AC8 C=CODE     S=.text    G=(none)   M=FrameGASMET ACBP=A9
 0001:000952D4 00000BB8 C=CODE     S=.text    G=(none)   M=FrameTurb_Och6Acoustics ACBP=A9
 0001:00095E8C 000015EC C=CODE     S=.text    G=(none)   M=FrameTurb_TA12 ACBP=A9
 0001:00097478 000008F4 C=CODE     S=.text    G=(none)   M=FrameTurb_TEP_TA4_9 ACBP=A9
 0001:00097D6C 000007A8 C=CODE     S=.text    G=(none)   M=FrameTurb_TEP_TA10_12 ACBP=A9
 0001:00098514 000010E0 C=CODE     S=.text    G=(none)   M=FrameTurb_TEP_KA7_15 ACBP=A9
 0001:000995F4 00000504 C=CODE     S=.text    G=(none)   M=FrameTurb ACBP=A9
 0001:00099AF8 00000A14 C=CODE     S=.text    G=(none)   M=FrameCollectSHA711 ACBP=A9
 0001:0009A50C 00000E68 C=CODE     S=.text    G=(none)   M=FrameTeplosetBalans ACBP=A9
 0001:0009B374 00000274 C=CODE     S=.text    G=(none)   M=FrameBereg ACBP=A9
 0001:0009B5E8 00000570 C=CODE     S=.text    G=(none)   M=FrameGradirnya ACBP=A9
 0001:0009BB58 00001794 C=CODE     S=.text    G=(none)   M=FrameAskue ACBP=A9
 0001:0009D2EC 000008E8 C=CODE     S=.text    G=(none)   M=FrameUPS ACBP=A9
 0001:0009DBD4 00000050 C=CODE     S=.text    G=(none)   M=JConsts  ACBP=A9
 0001:0009DC24 000133EC C=CODE     S=.text    G=(none)   M=jpeg     ACBP=A9
 0001:000B1010 00000244 C=CODE     S=.text    G=(none)   M=FormAbout ACBP=A9
 0001:000B1254 00002190 C=CODE     S=.text    G=(none)   M=FrameOwnNeeds ACBP=A9
 0001:000B33E4 000009FC C=CODE     S=.text    G=(none)   M=FrameTeploset ACBP=A9
 0001:000B3DE0 00001354 C=CODE     S=.text    G=(none)   M=FrameSummary ACBP=A9
 0001:000B5134 0000159C C=CODE     S=.text    G=(none)   M=MyCl     ACBP=A9
 0001:000B66D0 00000B54 C=CODE     S=.text    G=(none)   M=OPCutils ACBP=A9
 0001:000B7224 000004A0 C=CODE     S=.text    G=(none)   M=MyOPC    ACBP=A9
 0002:00000000 0000009C C=DATA     S=.data    G=DGROUP   M=System   ACBP=A9
 0002:0000009C 00000020 C=DATA     S=.data    G=DGROUP   M=SysInit  ACBP=A9
 0002:000000BC 00000254 C=DATA     S=.data    G=DGROUP   M=SysUtils ACBP=A9
 0002:00000310 00000008 C=DATA     S=.data    G=DGROUP   M=VarUtils ACBP=A9
 0002:00000318 0000008E C=DATA     S=.data    G=DGROUP   M=Variants ACBP=A9
 0002:000003A8 0000000C C=DATA     S=.data    G=DGROUP   M=TypInfo  ACBP=A9
 0002:000003B4 00000010 C=DATA     S=.data    G=DGROUP   M=ActiveX  ACBP=A9
 0002:000003C4 00000064 C=DATA     S=.data    G=DGROUP   M=Classes  ACBP=A9
 0002:00000428 0000030C C=DATA     S=.data    G=DGROUP   M=Graphics ACBP=A9
 0002:00000734 00000004 C=DATA     S=.data    G=DGROUP   M=Printers ACBP=A9
 0002:00000738 000000B4 C=DATA     S=.data    G=DGROUP   M=Dialogs  ACBP=A9
 0002:000007EC 0000018C C=DATA     S=.data    G=DGROUP   M=ExtCtrls ACBP=A9
 0002:00000978 0000009E C=DATA     S=.data    G=DGROUP   M=Buttons  ACBP=A9
 0002:00000A18 00000008 C=DATA     S=.data    G=DGROUP   M=IniFiles ACBP=A9
 0002:00000A20 00000008 C=DATA     S=.data    G=DGROUP   M=Registry ACBP=A9
 0002:00000A28 00000008 C=DATA     S=.data    G=DGROUP   M=Mapi     ACBP=A9
 0002:00000A30 00000064 C=DATA     S=.data    G=DGROUP   M=ComCtrls ACBP=A9
 0002:00000A94 00000068 C=DATA     S=.data    G=DGROUP   M=Themes   ACBP=A9
 0002:00000AFC 000000B4 C=DATA     S=.data    G=DGROUP   M=StdCtrls ACBP=A9
 0002:00000BB0 0000013C C=DATA     S=.data    G=DGROUP   M=Controls ACBP=A9
 0002:00000CEC 00000020 C=DATA     S=.data    G=DGROUP   M=ImgList  ACBP=A9
 0002:00000D0C 000000EC C=DATA     S=.data    G=DGROUP   M=Menus    ACBP=A9
 0002:00000DF8 0000011C C=DATA     S=.data    G=DGROUP   M=Forms    ACBP=A9
 0002:00000F14 00000030 C=DATA     S=.data    G=DGROUP   M=ComObj   ACBP=A9
 0002:00000F44 00000008 C=DATA     S=.data    G=DGROUP   M=Qt       ACBP=A9
 0002:00000F4C 00000404 C=DATA     S=.data    G=DGROUP   M=QGraphics ACBP=A9
 0002:00001350 00000004 C=DATA     S=.data    G=DGROUP   M=QClipbrd ACBP=A9
 0002:00001354 00000048 C=DATA     S=.data    G=DGROUP   M=QStdCtrls ACBP=A9
 0002:0000139C 0000002C C=DATA     S=.data    G=DGROUP   M=QButtons ACBP=A9
 0002:000013C8 0000003C C=DATA     S=.data    G=DGROUP   M=QFileCtrls ACBP=A9
 0002:00001404 00000008 C=DATA     S=.data    G=DGROUP   M=QFileDialog ACBP=A9
 0002:0000140C 00000004 C=DATA     S=.data    G=DGROUP   M=QDialogs ACBP=A9
 0002:00001410 00000020 C=DATA     S=.data    G=DGROUP   M=QStyle   ACBP=A9
 0002:00001430 00000064 C=DATA     S=.data    G=DGROUP   M=QMenus   ACBP=A9
 0002:00001494 00000114 C=DATA     S=.data    G=DGROUP   M=QControls ACBP=A9
 0002:000015A8 00000015 C=DATA     S=.data    G=DGROUP   M=QTypes   ACBP=A9
 0002:000015C0 0000068C C=DATA     S=.data    G=DGROUP   M=QForms   ACBP=A9
 0002:00001C4C 00000908 C=DATA     S=.data    G=DGROUP   M=jpeg     ACBP=A9
 0002:00002554 0000001C C=DATA     S=.data    G=DGROUP   M=MyCl     ACBP=A9
 0002:00003000 00000664 C=BSS      S=.bss     G=DGROUP   M=System   ACBP=A9
 0002:00003664 00000010 C=BSS      S=.bss     G=DGROUP   M=SysInit  ACBP=A9
 0002:00003674 00000004 C=BSS      S=.bss     G=DGROUP   M=Types    ACBP=A9
 0002:00003678 00000004 C=BSS      S=.bss     G=DGROUP   M=Windows  ACBP=A9
 0002:0000367C 00000004 C=BSS      S=.bss     G=DGROUP   M=Messages ACBP=A9
 0002:00003680 00000004 C=BSS      S=.bss     G=DGROUP   M=SysConst ACBP=A9
 0002:00003684 00000120 C=BSS      S=.bss     G=DGROUP   M=SysUtils ACBP=A9
 0002:000037A4 0000005C C=BSS      S=.bss     G=DGROUP   M=VarUtils ACBP=A9
 0002:00003800 00000040 C=BSS      S=.bss     G=DGROUP   M=Variants ACBP=A9
 0002:00003840 00000004 C=BSS      S=.bss     G=DGROUP   M=RTLConsts ACBP=A9
 0002:00003844 00000004 C=BSS      S=.bss     G=DGROUP   M=TypInfo  ACBP=A9
 0002:00003848 00000004 C=BSS      S=.bss     G=DGROUP   M=ActiveX  ACBP=A9
 0002:0000384C 00000040 C=BSS      S=.bss     G=DGROUP   M=Classes  ACBP=A9
 0002:0000388C 00000004 C=BSS      S=.bss     G=DGROUP   M=Consts   ACBP=A9
 0002:00003890 00000060 C=BSS      S=.bss     G=DGROUP   M=Graphics ACBP=A9
 0002:000038F0 00000004 C=BSS      S=.bss     G=DGROUP   M=Math     ACBP=A9
 0002:000038F4 00000004 C=BSS      S=.bss     G=DGROUP   M=Contnrs  ACBP=A9
 0002:000038F8 0000000C C=BSS      S=.bss     G=DGROUP   M=CommCtrl ACBP=A9
 0002:00003904 00000031 C=BSS      S=.bss     G=DGROUP   M=MultiMon ACBP=A9
 0002:00003938 00000004 C=BSS      S=.bss     G=DGROUP   M=Imm      ACBP=A9
 0002:0000393C 00000008 C=BSS      S=.bss     G=DGROUP   M=HelpIntfs ACBP=A9
 0002:00003944 00000004 C=BSS      S=.bss     G=DGROUP   M=WinSpool ACBP=A9
 0002:00003948 00000004 C=BSS      S=.bss     G=DGROUP   M=Printers ACBP=A9
 0002:0000394C 00000034 C=BSS      S=.bss     G=DGROUP   M=FlatSB   ACBP=A9
 0002:00003980 00000004 C=BSS      S=.bss     G=DGROUP   M=SyncObjs ACBP=A9
 0002:00003984 000000CC C=BSS      S=.bss     G=DGROUP   M=UxTheme  ACBP=A9
 0002:00003A50 00000004 C=BSS      S=.bss     G=DGROUP   M=RichEdit ACBP=A9
 0002:00003A54 00000004 C=BSS      S=.bss     G=DGROUP   M=ToolWin  ACBP=A9
 0002:00003A58 00000004 C=BSS      S=.bss     G=DGROUP   M=ShellAPI ACBP=A9
 0002:00003A5C 00000004 C=BSS      S=.bss     G=DGROUP   M=RegStr   ACBP=A9
 0002:00003A60 00000004 C=BSS      S=.bss     G=DGROUP   M=WinInet  ACBP=A9
 0002:00003A64 00000004 C=BSS      S=.bss     G=DGROUP   M=UrlMon   ACBP=A9
 0002:00003A68 00000004 C=BSS      S=.bss     G=DGROUP   M=ShlObj   ACBP=A9
 0002:00003A6C 00000004 C=BSS      S=.bss     G=DGROUP   M=CommDlg  ACBP=A9
 0002:00003A70 00000004 C=BSS      S=.bss     G=DGROUP   M=Dlgs     ACBP=A9
 0002:00003A74 00000038 C=BSS      S=.bss     G=DGROUP   M=Dialogs  ACBP=A9
 0002:00003AAC 00000004 C=BSS      S=.bss     G=DGROUP   M=ExtCtrls ACBP=A9
 0002:00003AB0 00000004 C=BSS      S=.bss     G=DGROUP   M=ComStrs  ACBP=A9
 0002:00003AB4 0000000C C=BSS      S=.bss     G=DGROUP   M=Clipbrd  ACBP=A9
 0002:00003AC0 00000004 C=BSS      S=.bss     G=DGROUP   M=StrUtils ACBP=A9
 0002:00003AC4 00000030 C=BSS      S=.bss     G=DGROUP   M=Buttons  ACBP=A9
 0002:00003AF4 00000004 C=BSS      S=.bss     G=DGROUP   M=ExtDlgs  ACBP=A9
 0002:00003AF8 00000004 C=BSS      S=.bss     G=DGROUP   M=IniFiles ACBP=A9
 0002:00003AFC 00000004 C=BSS      S=.bss     G=DGROUP   M=Registry ACBP=A9
 0002:00003B00 00000004 C=BSS      S=.bss     G=DGROUP   M=Mapi     ACBP=A9
 0002:00003B04 00000009 C=BSS      S=.bss     G=DGROUP   M=ExtActns ACBP=A9
 0002:00003B10 00000004 C=BSS      S=.bss     G=DGROUP   M=ListActns ACBP=A9
 0002:00003B14 00000010 C=BSS      S=.bss     G=DGROUP   M=ComCtrls ACBP=A9
 0002:00003B24 00000008 C=BSS      S=.bss     G=DGROUP   M=Themes   ACBP=A9
 0002:00003B2C 00000004 C=BSS      S=.bss     G=DGROUP   M=StdCtrls ACBP=A9
 0002:00003B30 00000004 C=BSS      S=.bss     G=DGROUP   M=StdActns ACBP=A9
 0002:00003B34 00000014 C=BSS      S=.bss     G=DGROUP   M=WinHelpViewer ACBP=A9
 0002:00003B48 00000080 C=BSS      S=.bss     G=DGROUP   M=Controls ACBP=A9
 0002:00003BC8 00000004 C=BSS      S=.bss     G=DGROUP   M=ActnList ACBP=A9
 0002:00003BCC 0000000C C=BSS      S=.bss     G=DGROUP   M=ImgList  ACBP=A9
 0002:00003BD8 00000010 C=BSS      S=.bss     G=DGROUP   M=Menus    ACBP=A9
 0002:00003BE8 00000020 C=BSS      S=.bss     G=DGROUP   M=Forms    ACBP=A9
 0002:00003C08 00000004 C=BSS      S=.bss     G=DGROUP   M=ComConst ACBP=A9
 0002:00003C0C 00000011 C=BSS      S=.bss     G=DGROUP   M=ComObj   ACBP=A9
 0002:00003C20 00000004 C=BSS      S=.bss     G=DGROUP   M=OPCtypes ACBP=A9
 0002:00003C24 00000010 C=BSS      S=.bss     G=DGROUP   M=OPCDA    ACBP=A9
 0002:00003C34 00000004 C=BSS      S=.bss     G=DGROUP   M=OPCEdit  ACBP=A9
 0002:00003C38 00000004 C=BSS      S=.bss     G=DGROUP   M=BindHelp ACBP=A9
 0002:00003C3C 00000004 C=BSS      S=.bss     G=DGROUP   M=Qt       ACBP=A9
 0002:00003C40 00000004 C=BSS      S=.bss     G=DGROUP   M=QConsts  ACBP=A9
 0002:00003C44 00000028 C=BSS      S=.bss     G=DGROUP   M=QGraphics ACBP=A9
 0002:00003C6C 00000004 C=BSS      S=.bss     G=DGROUP   M=QImgList ACBP=A9
 0002:00003C70 00000004 C=BSS      S=.bss     G=DGROUP   M=QClipbrd ACBP=A9
 0002:00003C74 00000004 C=BSS      S=.bss     G=DGROUP   M=QStdCtrls ACBP=A9
 0002:00003C78 00000004 C=BSS      S=.bss     G=DGROUP   M=QExtCtrls ACBP=A9
 0002:00003C7C 00000030 C=BSS      S=.bss     G=DGROUP   M=QButtons ACBP=A9
 0002:00003CAC 00000004 C=BSS      S=.bss     G=DGROUP   M=QComCtrls ACBP=A9
 0002:00003CB0 00000004 C=BSS      S=.bss     G=DGROUP   M=QFileCtrls ACBP=A9
 0002:00003CB4 00000004 C=BSS      S=.bss     G=DGROUP   M=QFileDialog ACBP=A9
 0002:00003CB8 00000008 C=BSS      S=.bss     G=DGROUP   M=QDialogs ACBP=A9
 0002:00003CC0 00000004 C=BSS      S=.bss     G=DGROUP   M=QSearch  ACBP=A9
 0002:00003CC4 00000004 C=BSS      S=.bss     G=DGROUP   M=QStdActns ACBP=A9
 0002:00003CC8 00000004 C=BSS      S=.bss     G=DGROUP   M=QStyle   ACBP=A9
 0002:00003CCC 00000004 C=BSS      S=.bss     G=DGROUP   M=QActnList ACBP=A9
 0002:00003CD0 00000008 C=BSS      S=.bss     G=DGROUP   M=QMenus   ACBP=A9
 0002:00003CD8 00000021 C=BSS      S=.bss     G=DGROUP   M=QControls ACBP=A9
 0002:00003CFC 00000004 C=BSS      S=.bss     G=DGROUP   M=QTypes   ACBP=A9
 0002:00003D00 0000001C C=BSS      S=.bss     G=DGROUP   M=QForms   ACBP=A9
 0002:00003D1C 00000004 C=BSS      S=.bss     G=DGROUP   M=MaskUtils ACBP=A9
 0002:00003D20 00000004 C=BSS      S=.bss     G=DGROUP   M=Mask     ACBP=A9
 0002:00003D24 00000004 C=BSS      S=.bss     G=DGROUP   M=Grids    ACBP=A9
 0002:00003D28 00000004 C=BSS      S=.bss     G=DGROUP   M=Spin     ACBP=A9
 0002:00003D2C 00000004 C=BSS      S=.bss     G=DGROUP   M=FrameCollectSPT ACBP=A9
 0002:00003D30 00000004 C=BSS      S=.bss     G=DGROUP   M=FrameChemist ACBP=A9
 0002:00003D34 00000004 C=BSS      S=.bss     G=DGROUP   M=FrameChemist2 ACBP=A9
 0002:00003D38 00000004 C=BSS      S=.bss     G=DGROUP   M=FrameTurb_Ochered4 ACBP=A9
 0002:00003D3C 00000004 C=BSS      S=.bss     G=DGROUP   M=FrameTurb_Ochered5 ACBP=A9
 0002:00003D40 00000004 C=BSS      S=.bss     G=DGROUP   M=FrameTurb_TA10 ACBP=A9
 0002:00003D44 00000004 C=BSS      S=.bss     G=DGROUP   M=FrameTurb_Ochered7 ACBP=A9
 0002:00003D48 00000004 C=BSS      S=.bss     G=DGROUP   M=FrameTurb_ROU10_13 ACBP=A9
 0002:00003D4C 00000004 C=BSS      S=.bss     G=DGROUP   M=FrameTurb_KA ACBP=A9
 0002:00003D50 00000004 C=BSS      S=.bss     G=DGROUP   M=FrameTurb_NGVS ACBP=A9
 0002:00003D54 00000004 C=BSS      S=.bss     G=DGROUP   M=FrameTurb_Och4KA ACBP=A9
 0002:00003D58 00000004 C=BSS      S=.bss     G=DGROUP   M=FrameTurb_Och5KA ACBP=A9
 0002:00003D5C 00000004 C=BSS      S=.bss     G=DGROUP   M=FrameTurb_Och6KA ACBP=A9
 0002:00003D60 00000004 C=BSS      S=.bss     G=DGROUP   M=FrameTurb_Och7KA ACBP=A9
 0002:00003D64 00000004 C=BSS      S=.bss     G=DGROUP   M=FrameTurb_PDU ACBP=A9
 0002:00003D68 00000004 C=BSS      S=.bss     G=DGROUP   M=FrameGASMET ACBP=A9
 0002:00003D6C 00000004 C=BSS      S=.bss     G=DGROUP   M=FrameTurb_Och6Acoustics ACBP=A9
 0002:00003D70 00000004 C=BSS      S=.bss     G=DGROUP   M=FrameTurb_TA12 ACBP=A9
 0002:00003D74 00000004 C=BSS      S=.bss     G=DGROUP   M=FrameTurb_TEP_TA4_9 ACBP=A9
 0002:00003D78 00000004 C=BSS      S=.bss     G=DGROUP   M=FrameTurb_TEP_TA10_12 ACBP=A9
 0002:00003D7C 00000004 C=BSS      S=.bss     G=DGROUP   M=FrameTurb_TEP_KA7_15 ACBP=A9
 0002:00003D80 00000004 C=BSS      S=.bss     G=DGROUP   M=FrameTurb ACBP=A9
 0002:00003D84 00000004 C=BSS      S=.bss     G=DGROUP   M=FrameCollectSHA711 ACBP=A9
 0002:00003D88 00000004 C=BSS      S=.bss     G=DGROUP   M=FrameTeplosetBalans ACBP=A9
 0002:00003D8C 00000004 C=BSS      S=.bss     G=DGROUP   M=FrameBereg ACBP=A9
 0002:00003D90 00000004 C=BSS      S=.bss     G=DGROUP   M=FrameGradirnya ACBP=A9
 0002:00003D94 00000004 C=BSS      S=.bss     G=DGROUP   M=FrameAskue ACBP=A9
 0002:00003D98 00000004 C=BSS      S=.bss     G=DGROUP   M=FrameUPS ACBP=A9
 0002:00003D9C 00000004 C=BSS      S=.bss     G=DGROUP   M=JConsts  ACBP=A9
 0002:00003DA0 00000004 C=BSS      S=.bss     G=DGROUP   M=jpeg     ACBP=A9
 0002:00003DA4 00000008 C=BSS      S=.bss     G=DGROUP   M=FormAbout ACBP=A9
 0002:00003DAC 00000004 C=BSS      S=.bss     G=DGROUP   M=FrameOwnNeeds ACBP=A9
 0002:00003DB0 00000004 C=BSS      S=.bss     G=DGROUP   M=FrameTeploset ACBP=A9
 0002:00003DB4 00000004 C=BSS      S=.bss     G=DGROUP   M=FrameSummary ACBP=A9
 0002:00003DB8 0000003C C=BSS      S=.bss     G=DGROUP   M=MyCl     ACBP=A9
 0002:00003DF4 00000004 C=BSS      S=.bss     G=DGROUP   M=OPCutils ACBP=A9


  Address         Publics by Name

 0002:00001DE8       ..
 0001:000A3958       ..
 0001:000A58A0       ..
 0001:000A33B0       ..
 0001:000A5F78       ..
 0001:000A2DC4       ..
 0001:000A7008       ..
 0001:000A72FC       ..
 0002:00001EF4       ..
 0001:000A75CC       ..
 0001:000A8B20       ..
 0002:00001D68       ..
 0001:000A2238       ..
 0002:00001CE8       ..
 0001:000A1510       ..
 0001:000A0DD0       ..
 0001:000AAA9C       ..
 0001:000AABAC       ..
 0001:000A090C       ..
 0001:000A03A8       ..
 0002:000020F4       ..
 0001:000ABB58       ..
 0001:000AC380       ..
 0001:000ACEB0       ..
 0001:000AD00C       ..
 0001:000A45A0       ..
 0001:000AD548       ..
 0001:000ADD4C       ..
 0001:000AE3D4       ..
 0001:000AECFC       ..
 0002:00002494       ..
 0001:000AF214       ..
 0001:000B0280       ..
 0002:00001CD8       ..
 0001:0009F744       ..
 0002:00003AC0       .1
 0002:00003DF4       .1
 0002:00003B3C       .1
 0002:00003A60       .1
 0002:00003938       .1
 0002:00003CC0       .1
 0002:00003924       .1
 0002:0000388C       .1
 0002:00003A58       .1
 0002:00003A5C       .1
 0002:00003D9C       .1
 0002:00003C38       .1
 0002:00003A70       .1
 0002:00003674       .1
 0002:00003A6C       .1
 0002:000038F8       .1
 0002:0000396C       .1
 0002:00003680       .1
 0002:0000367C       .1
 0002:00003A68       .1
 0002:0000366C       .1
 0002:00003A50       .1
 0002:00003C08       .1
 0002:00003C20       .1
 0002:00003B00       .1
 0002:00003AB0       .1
 0002:00003840       .1
 0002:00003A64       .1
 0002:00003A40       .1
 0002:00003C30       .1
 0002:00003C40       .1
 0002:00003D24       .11
 0002:00003A74       .11
 0002:00003AAC       .12
 0002:00003CD8       .12
 0002:00003894       .12
 0002:00003D40       .2
 0002:00003D44       .2
 0002:00003D48       .2
 0002:00003D4C       .2
 0002:00003D3C       .2
 0002:00003D38       .2
 0002:00003D50       .2
 0002:00003D34       .2
 0002:00003D54       .2
 0002:00003D2C       .2
 0002:00003D58       .2
 0002:00003DB4       .2
 0002:00003D5C       .2
 0002:00003D1C       .2
 0002:00003D60       .2
 0002:00003D64       .2
 0002:00003D68       .2
 0002:00003D6C       .2
 0002:00003D70       .2
 0002:00003D74       .2
 0002:00003C34       .2
 0002:00003D78       .2
 0002:00003D7C       .2
 0002:00003D80       .2
 0002:00003D84       .2
 0002:0000393C       .2
 0002:00003DB0       .2
 0002:00003D88       .2
 0002:00003D8C       .2
 0002:00003DAC       .2
 0002:00003D90       .2
 0002:00003D94       .2
 0002:00003D98       .2
 0002:00003AB8       .2
 0002:00003DA8       .2
 0002:00003B24       .2
 0002:000038F0       .2
 0002:00003C70       .2
 0002:00003D30       .2
 0002:000038F4       .21
 0002:00003D10       .21
 0002:00003C48       .22
 0002:00003678       .3
 0002:00003AF4       .3
 0002:00003848       .3
 0002:00003C7C       .3
 0002:00003944       .3
 0002:00003948       .3
 0002:00003CB4       .3
 0002:00003DA0       .3
 0002:00003BCC       .3
 0002:00003C78       .31
 0002:00003C3C       .314
 0002:00003C74       .32
 0002:00003794       .35
 0002:00003B14       .36
 0002:00003AC4       .4
 0002:00003C6C       .4
 0002:00003DF0       .4
 0002:00003A54       .4
 0002:00003BF0       .41
 0002:00003C0C       .41
 0002:00003B2C       .42
 0002:00003858       .45
 0002:000035BC       .5
 0002:00003AFC       .5
 0002:000037FC       .5
 0002:00003D20       .5
 0002:00003D28       .5
 0002:00003CC8       .5
 0002:00003CB0       .51
 0002:00003844       .6
 0002:00003CFC       .6
 0002:00003980       .6
 0002:00003B50       .72
 0002:00003B04       .72
 0002:00003B30       .73
 0002:00003B10       .8
 0002:00003CCC       .8
 0002:00003CD4       .8
 0002:00003AF8       .8
 0002:00003BC8       .8
 0002:00003820       .81
 0002:00003CC4       .81
 0002:00003CB8       .81
 0002:00003BE0       .9
 0002:00003CAC       .95
 0001:00001B44       @AbstractError
 0001:00002684       @AfterConstruction
 0001:000024B8       @AsClass
 0001:00001CAC       @AStrCmp
 0001:00002694       @BeforeDestruction
 0001:00002248       @BoundErr
 0001:00002504       @CallDynaInst
 0001:0000262C       @ClassCreate
 0001:0000267C       @ClassDestroy
 0001:00001BB4       @Close
 0001:0000187C       @Copy
 0001:00003FB4       @CopyArray
 0001:00003E98       @CopyRecord
 0001:00004120       @DispCallByIDError
 0001:0000EDEC       @DispInvokeError
 0001:000040BC       @Dispose
 0001:00002B10       @DoneExcept
 0001:000045FC       @DynArrayAsg
 0001:000045C0       @DynArrayClear
 0001:00004400       @DynArrayHigh
 0001:000043F8       @DynArrayLength
 0001:000045B4       @DynArraySetLength
 0001:00002BF8       @ExceptionHandler
 0001:00001D1C       @FillChar
 0001:00003E74       @Finalize
 0001:00003D88       @FinalizeArray
 0001:00003D3C       @FinalizeRecord
 0001:0000251C       @FindDynaInst
 0001:0000223C       @FpuInit
 0001:00002178       @FpuMaskInit
 0001:00001AF0       @FRAC
 0001:00001704       @FreeMem
 0001:000016E4       @GetMem
 0001:0000539C       @GetTls
 0001:00003040       @Halt
 0001:00002F68       @Halt0
 0001:000027A8       @HandleAnyException
 0001:00002A5C       @HandleFinally
 0001:000028D4       @HandleOnException
 0001:000053E8       @InitExe
 0001:00003D30       @Initialize
 0001:00003C9C       @InitializeArray
 0001:00003C6C       @InitializeRecord
 0001:00002E2C       @InitImports
 0001:00002E04       @InitResStringImports
 0001:00002DE0       @InitResStrings
 0001:00004CE0       @IntfAddRef
 0001:00004CB0       @IntfCast
 0001:00004C6C       @IntfClear
 0001:00004C84       @IntfCopy
 0001:00002494       @IsClass
 0001:00002148       @isNECWindows
 0001:000AA9EC       @jcopy_block_row
 0001:000AA9A0       @jcopy_sample_rows
 0001:000AA978       @jdiv_round_up
 0001:000A450C       @jinit_1pass_quantizer
 0001:000A5780       @jinit_2pass_quantizer
 0001:000AE188       @jinit_color_converter
 0001:000A378C       @jinit_color_deconverter
 0001:000ABAAC       @jinit_compress_master
 0001:000ADC84       @jinit_c_coef_controller
 0001:000ACF88       @jinit_c_main_controller
 0001:000ACDE8       @jinit_c_master_control
 0001:000AD4A0       @jinit_c_prep_controller
 0001:000AEB74       @jinit_downsampler
 0001:000A6EF4       @jinit_d_coef_controller
 0001:000A5E98       @jinit_d_main_controller
 0001:000A7268       @jinit_d_post_controller
 0001:000AF198       @jinit_forward_dct
 0001:000A2D84       @jinit_huff_decoder
 0001:000B0EDC       @jinit_huff_encoder
 0001:000A08C4       @jinit_input_controller
 0001:000A7550       @jinit_inverse_dct
 0001:000AA81C       @jinit_marker_reader
 0001:000AC32C       @jinit_marker_writer
 0001:000A14D8       @jinit_master_decompress
 0001:000A0270       @jinit_memory_mgr
 0001:000A3330       @jinit_merged_upsampler
 0001:000A21C4       @jinit_phuff_decoder
 0001:000AFCA4       @jinit_phuff_encoder
 0001:000A7AB0       @jinit_upsampler
 0001:000AAA0C       @jpeg_abort
 0001:000AAA84       @jpeg_alloc_huff_table
 0001:000AAA6C       @jpeg_alloc_quant_table
 0001:000AFF54       @jpeg_fdct_float
 0001:000AFCE8       @jpeg_fdct_ifast
 0001:000A266C       @jpeg_fill_bit_buffer
 0001:000A037C       @jpeg_free_large
 0001:000A036C       @jpeg_free_small
 0001:000B0C20       @jpeg_gen_optimal_table
 0001:000A0374       @jpeg_get_large
 0001:000A0364       @jpeg_get_small
 0001:000A27B8       @jpeg_huff_decode
 0001:000A8AE4       @jpeg_idct_1x1
 0001:000A88F4       @jpeg_idct_2x2
 0001:000A8540       @jpeg_idct_4x4
 0001:000A7CC8       @jpeg_idct_float
 0001:000A810C       @jpeg_idct_ifast
 0001:000B0410       @jpeg_make_c_derived_tbl
 0001:000A2370       @jpeg_make_d_derived_tbl
 0001:000A0384       @jpeg_mem_available
 0001:000A03A0       @jpeg_mem_init
 0001:000A03A4       @jpeg_mem_term
 0001:000A0390       @jpeg_open_backing_store
 0001:000AA6E8       @jpeg_resync_to_restart
 0001:000AB870       @jpeg_suppress_tables
 0001:000AA988       @jround_up
 0001:000AA9FC       @jzero_far
 0001:00003508       @LStrAddRef
 0001:0000307C       @LStrArrayClr
 0001:000030AC       @LStrAsg
 0001:00003320       @LStrCat
 0001:00003364       @LStrCat3
 0001:000033D8       @LStrCatN
 0001:00003058       @LStrClr
 0001:00003464       @LStrCmp
 0001:00003578       @LStrCopy
 0001:000035B8       @LStrDelete
 0001:000032C8       @LStrFromArray
 0001:00003240       @LStrFromChar
 0001:00003250       @LStrFromPChar
 0001:00003148       @LStrFromPCharLen
 0001:00003280       @LStrFromPWChar
 0001:000031B4       @LStrFromPWCharLen
 0001:000032BC       @LStrFromString
 0001:000032E0       @LStrFromWStr
 0001:00003600       @LStrInsert
 0001:000030F0       @LStrLAsg
 0001:00003318       @LStrLen
 0001:00003708       @LStrOfChar
 0001:0000365C       @LStrPos
 0001:000036A4       @LStrSetLength
 0001:00003518       @LStrToPChar
 0001:000032F4       @LStrToString
 0001:000040A8       @New
 0001:0000311C       @NewAnsiString
 0001:0000373C       @NewWideString
 0001:00001E5C       @Pow10
 0001:00001C28       @PStrCmp
 0001:00001C0C       @PStrNCpy
 0001:00002ABC       @RaiseAgain
 0001:00002A94       @RaiseExcept
 0001:00001724       @ReallocMem
 0001:00001B14       @ROUND
 0001:0000304C       @RunError
 0001:00001E40       @SetEq
 0001:00002DA0       @StartExe
 0001:000002C4       @strlen
 0001:00001B20       @TRUNC
 0001:00002B40       @TryFinallyExit
 0001:00003570       @UniqueStringA
 0001:000041C8       @ValInt64
 0001:00001D3C       @ValLong
 0001:0001354C       @VarAddRef
 0001:0000F6CC       @VarCast
 0001:0000F0D8       @VarClear
 0001:0000F0EC       @VarClr
 0001:00003D70       @VarClr
 0001:0000F400       @VarCopy
 0001:00003E80       @VarCopy
 0001:0001342C       @VarFromBool
 0001:000132B8       @VarFromByte
 0001:0001347C       @VarFromCurr
 0001:000133D4       @VarFromCurrency
 0001:00013400       @VarFromDate
 0001:00013520       @VarFromDisp
 0001:000133A8       @VarFromDouble
 0001:0001325C       @VarFromInt
 0001:00013358       @VarFromInt64
 0001:00013298       @VarFromInteger
 0001:000134F4       @VarFromIntf
 0001:000132F8       @VarFromLongWord
 0001:00013490       @VarFromLStr
 0001:00013454       @VarFromReal
 0001:00013318       @VarFromShortInt
 0001:00013384       @VarFromSingle
 0001:00013338       @VarFromSmallInt
 0001:00013468       @VarFromTDateTime
 0001:000132D8       @VarFromWord
 0001:000134BC       @VarFromWStr
 0001:0000EE40       @VarNull
 0001:00010B50       @VarToBoolean
 0001:0000FF90       @VarToByte
 0001:00011D30       @VarToCurrency
 0001:000117C8       @VarToDate
 0001:000131B0       @VarToDisp
 0001:00011058       @VarToDouble
 0001:00010554       @VarToInt64
 0001:0000FA90       @VarToInteger
 0001:000130E4       @VarToIntf
 0001:00010208       @VarToLongWord
 0001:000123E4       @VarToLStr
 0001:000113D4       @VarToReal
 0001:0000FEE0       @VarToShortInt
 0001:000113F0       @VarToSingle
 0001:00010038       @VarToSmallInt
 0001:00010130       @VarToWord
 0001:00012B0C       @VarToWStr
 0001:0000377C       @WStrArrayClr
 0001:000037A0       @WStrAsg
 0001:00003934       @WStrCat
 0001:00003994       @WStrCatN
 0001:00003764       @WStrClr
 0001:000039DC       @WStrCmp
 0001:00003A60       @WStrCopy
 0001:00003AAC       @WStrDelete
 0001:0000387C       @WStrFromChar
 0001:00003908       @WStrFromLStr
 0001:0000389C       @WStrFromPChar
 0001:000037CC       @WStrFromPCharLen
 0001:000038CC       @WStrFromPWChar
 0001:00003858       @WStrFromPWCharLen
 0001:0000388C       @WStrFromWChar
 0001:00003B3C       @WStrInsert
 0001:000037C4       @WStrLAsg
 0001:00003928       @WStrLen
 0001:00003BD8       @WStrPos
 0001:00003C28       @WStrSetLength
 0001:00003918       @WStrToPWChar
 0001:00001E1C       @_CLenToPasStr
 0001:00001E10       @_CToPasStr
 0001:0000184C       @_IOTest
 0001:0000414C       @_lldiv
 0001:00004128       @_llmul
 0001:0003FF90       AbsMin
 0001:0000BD68       AbstractErrorHandler
 0002:0000302C       AbstractErrorProc
 0002:00000140       AccessMode
 0001:000017B4       AcquireExceptionObject
 0001:00016C94       ActivateClassGroup
 0001:00005AF0       ActivateKeyboardLayout
 0002:00003CF8       ActivatingDrag
 0002:00003B84       ActiveDrag
 0001:00014908       ActiveX
 0001:0004F278       ActnList
 0001:000003F0       AddBlockAfter
 0002:000003C4       AddDataModule
 0001:0000728C       AddExitProc
 0001:00019E00       AddFinished
 0001:00052A74       AddIn
 0001:00004B10       AddModuleUnloadProc
 0001:00004B00       AddModuleUnloadProc
 0001:00019E38       AddNotFinished
 0001:0001A85C       AddSubComponentsToLoaded
 0001:0006B6E0       AdjustColor
 0001:00021E4C       AdjustColor
 0001:0002D950       AdjustColors
 0001:00076DC0       AdjustForClient
 0001:00076C90       AdjustForFrame
 0001:00080ADC       AdjustForScrollbars
 0001:00007704       AdjustLineBreaks
 0001:0005A42C       Adjustment
 0001:00005AF8       AdjustWindowRectEx
 0002:00003DE0       AdviseSink
 0002:00000B04       Alignments
 0002:00000DE0       Alignments
 0002:000007F4       Alignments
 0002:00000B8C       Alignments
 0002:00000B7C       Alignments
 0002:00000B44       Alignments
 0002:00000DD0       Alignments
 0002:00000A60       AlignStyles
 0001:000455FC       AlignWork
 0001:00061644       AlignWork
 0001:00079908       AlignWork
 0001:0001DF50       AllocateHWnd
 0001:00007240       AllocMem
 0002:000035B4       AllocMemCount
 0002:000035B8       AllocMemSize
 0001:00027368       AllocPatternBitmap
 0001:00005344       AllocTlsBuffer
 0002:00001494       AnchorAlign
 0002:00000BBC       AnchorAlign
 0002:00000BB0       AnimateWindowProc
 0002:00000CB8       AnimationStyle
 0001:0000746C       AnsiCompareStr
 0001:000074A4       AnsiCompareText
 0001:00007F00       AnsiLastChar
 0001:00005B00       AnsiLower
 0001:00007438       AnsiLowerCase
 0001:0000C6A8       AnsiLowerCaseFileName
 0001:0000C670       AnsiPos
 0001:00057288       AnsiSameCaption
 0001:000074DC       AnsiSameText
 0001:000074F4       AnsiStrLIComp
 0001:0000C734       AnsiStrPos
 0001:0000C7D4       AnsiStrRScan
 0001:0000C7FC       AnsiStrScan
 0001:000050E0       AnsiToUtf8
 0001:00007404       AnsiUpperCase
 0001:0001306C       AnyToIntf
 0001:00009CE0       AppendChars
 0001:0000A0A4       AppendFormat
 0001:00009D44       AppendNumber
 0001:00009D24       AppendString
 0002:00003D00       Application
 0002:00003BE8       Application
 0002:000003D4       ApplicationHandleException
 0002:000003DC       ApplicationShowException
 0002:00000F0C       AppVisible
 0002:0000142C       App_Style
 0001:0000BD4C       AssertErrorHandler
 0002:00003024       AssertErrorProc
 0001:000142B8       AssignLongStr
 0001:0001465C       AssignVariant
 0002:00003DE4       AsyncConnection
 0002:0000360C       avail
 0001:000080D0       BackfillGetDiskFreeSpaceEx
 0001:00042B24       BackgroundClipped
 0001:00077F28       BackgroundClipped
 0001:0000DD5C       BackupVarBoolFromStr
 0001:0000DEBC       BackupVarBStrFromBool
 0001:0000DDDC       BackupVarBStrFromCy
 0001:0000DE4C       BackupVarBStrFromDate
 0001:0000DCF0       BackupVarCyFromStr
 0001:0000DC84       BackupVarDateFromStr
 0001:0000DB40       BackupVarI4FromStr
 0001:0000DAEC       BackupVariantChangeTypeEx
 0001:0000DBAC       BackupVarR4FromStr
 0001:0000DC18       BackupVarR8FromStr
 0001:0000C340       Beep
 0001:00016FEC       BeginGlobalLoading
 0001:00005B08       BeginPaint
 0001:00021E58       BetterSize
 0001:0006B6EC       BetterSize
 0001:0002D240       BevelLine
 0001:0002D150       BevelRect
 0001:000538E8       BiDiDraw
 0001:00065A5C       BindHelp
 0001:000058D8       BitBlt
 0001:000666CC       bitBlt
 0002:0000139C       BitBtnCaptions
 0002:000009A4       BitBtnCaptions
 0002:00003C80       BitBtnGlyphs
 0002:00003AC8       BitBtnGlyphs
 0002:000009D0       BitBtnModalResults
 0002:00000978       BitBtnResNames
 0002:000006E8       BitCounts
 0002:000006E0       BitmapCanvasList
 0002:000038AC       BitmapImageLock
 0001:0000DB28       BiUnimplemented
 0002:000003FC       BlockCode
 0002:000035E4       blockDescBlockList
 0002:000035E8       blockDescFreeList
 0002:000003A8       BooleanIdents
 0002:00000324       BooleanToStringRule
 0001:00007D98       BoolToStr
 0001:0001216C       BoolToWStrViaOS
 0002:000015C8       BorderFlags
 0001:00083B4C       BorderIconFlags
 0002:00000BA4       Borders
 0002:00000AFC       BorderStyles
 0002:000007EC       BorderStyles
 0001:00005560       Bounds
 0001:00015FAC       Bounds
 0002:00000D78       Breaks
 0001:000690A4       BrushFromColor
 0002:000038E4       BrushManager
 0001:0009E8FC       BuildColorMap
 0001:0005609C       BuildImage
 0001:0009E854       BuildPalette
 0002:00000794       ButtonCaptions
 0002:00000A00       ButtonCount
 0002:00000768       ButtonNames
 0001:00031A44       Buttons
 0002:00000DF4       Buttons
 0001:00076DF8       ButtonStateToShiftState
 0002:00000B74       ButtonStyles
 0002:00003A80       ButtonWidths
 0001:00021638       BytesPerScanline
 0001:00021990       ByteSwapColors
 0001:0000C424       ByteToCharIndex
 0001:0000C3FC       ByteToCharLen
 0001:0000C3C0       ByteType
 0001:0000C348       ByteTypeTest
 0002:00003BD0       CachedComCtrlVer
 0001:0006DD8C       CalcDimensions
 0001:0001DE8C       CalcJmpOffset
 0001:0004D300       CalcSplitterPos
 0002:00002558       Callbacked
 0001:000B7154       CallbackOff
 0001:00005B10       CallNextHookEx
 0001:0000CFFC       CallTerminateProcs
 0001:00005B18       CallWindowProc
 0001:00040FC8       CancelDrag
 0001:00077580       CancelDrag
 0002:000038E8       CanvasList
 0002:00003B98       CanvasList
 0002:00001378       Captions
 0002:00001354       Captions
 0002:00000740       Captions
 0002:00000C74       CaptureControl
 0002:0000143C       cBooleanToItemAutoFlag
 0002:00000D18       cBooleanToItemAutoFlag
 0002:00001584       cFCQtFrameStyles
 0002:00003AB6       CF_COMPONENT
 0002:00003AB4       CF_PICTURE
 0002:00003818       ChangeAnyProc
 0001:0003F4F4       ChangeBiDiModeAlignment
 0001:00007F80       ChangeFileExt
 0002:00000B24       CharCases
 0001:00003178       CharFromWChar
 0001:0000C5F8       CharLength
 0001:00005B20       CharLowerBuff
 0001:00005B28       CharNext
 0001:00000244       CharNext
 0002:00001298       CharSetMap
 0001:0001FF30       CharsetToIdent
 0001:00065900       CharsOfPAnsiString
 0001:0000C50C       CharToByteIndex
 0001:0000C570       CharToByteLen
 0001:00005B30       CharToOemA
 0001:00005B38       CharUpperBuff
 0001:00022420       CheckBool
 0001:00002724       CheckJmp
 0001:00005B40       CheckMenuItem
 0002:00000D68       Checks
 0001:0001A898       CheckSubComponents
 0001:0001CC64       CheckSynchronize
 0001:00059E68       CheckTaskWindow
 0001:00040C7C       CheckUndock
 0001:0000C234       CheckWin32Version
 0001:00005B48       ChildWindowFromPoint
 0002:00000328       CInvalidCustomVariantType
 0002:00000D1C       cItemAutoFlagToBoolean
 0002:00001440       cItemAutoFlagToBoolean
 0002:00001438       cItemAutoFlagToMenu
 0002:00000D14       cItemAutoFlagToMenu
 0001:0001E0DC       Classes
 0001:00016A58       ClassNotFound
 0002:00003814       ClearAnyProc
 0001:0001F7C0       ClearColor
 0001:000652E8       ClearExcepInfo
 0001:000138F0       ClearVariantTypeList
 0001:00005B50       ClientToScreen
 0001:0004A8A4       ClientToWindow
 0002:000006D8       ClipboardFormats
 0001:0002E1B8       Clipbrd
 0001:00005B58       CloseClipboard
 0001:00005698       CloseHandle
 0002:00003988       CloseThemeData
 0002:00002560       CLSID_OPCServer_WinCC
 0002:0000155C       ClxDragObj
 0002:00003040       CmdLine
 0002:0000303C       CmdShow
 0002:00000D10       cMenuAutoFlagToItem
 0002:00001434       cMenuAutoFlagToItem
 0001:0000DB34       CmpUnimplemented
 0002:00000F1C       CoAddRefServerProcess
 0002:00000F14       CoCreateInstanceEx
 0002:00000F2C       CoInitFlags
 0001:00014888       CoInitialize
 0002:00000F18       CoInitializeEx
 0001:00014898       CoInitializeSecurity
 0001:00067AD4       ColorGroup
 0002:00001344       ColorGroupMap
 0002:00000458       Colors
 0002:00000F90       Colors
 0001:0001FD28       ColorToIdent
 0001:000684E0       ColorToIdent
 0002:00000800       ColorToPretyName
 0001:0001FD18       ColorToRGB
 0002:00003C14       ComClassManagerVar
 0001:00064634       ComConst
 0002:000038FC       ComCtl32DLL
 0002:00003B20       ComCtlVersion
 0001:000356E8       ComCtrls
 0002:00003BE4       CommandPool
 0001:00027A00       CommCtrl
 0001:0002A274       CommDlg
 0001:000006D0       Commit
 0002:00003628       committedRoot
 0001:000655B0       ComObj
 0001:00052058       CompareFront
 0001:0000736C       CompareMem
 0001:0000733C       CompareStr
 0001:000056A0       CompareString
 0001:000056A8       CompareStringA
 0001:000056B0       CompareStringW
 0001:0000738C       CompareText
 0001:00007CC0       CompareWith
 0001:0001A978       ComponentCreated
 0001:000221F0       ComputeAldusChecksum
 0001:0002E174       ComStrs
 0002:00002554       connected
 0001:000B717C       ConnectionBroken
 0001:0001E460       Consts
 0001:00027868       Contnrs
 0002:00003B56       ControlAtom
 0002:00003B5C       ControlAtomString
 0001:0005EF14       ControlHasHelp
 0001:0004DF80       Controls
 0001:0000B760       ConvertAddr
 0001:00009E34       ConvertEraString
 0001:00007204       ConvertError
 0001:0000721C       ConvertErrorFmt
 0001:00009F9C       ConvertYearString
 0001:00004408       CopyArray
 0001:000246A4       CopyBitmap
 0001:00024D6C       CopyBitmapAsMask
 0001:000658F0       CopyCharsToPAnsiString
 0001:000058E0       CopyEnhMetaFile
 0001:000317F4       CopyImage
 0001:00030DBC       CopyImage
 0001:00024D08       CopyPalette
 0002:00000A98       Copyright
 0001:00055148       CopyToBest
 0001:000723A0       CopyToBest
 0001:00065940       CopyUnicodeToPWideString
 0002:00000F20       CoReleaseServerProcess
 0002:00000F24       CoResumeClassObjects
 0002:00000F28       CoSuspendClassObjects
 0001:000148A0       CoTaskMemFree
 0001:00014890       CoUninitialize
 0001:0000C47C       CountChars
 0002:000038C4       CounterLock
 0002:00003C50       CounterLock
 0002:0000032C       CRangeToType
 0001:0000BC90       CreateAssertException
 0001:0000BE18       CreateAVObject
 0001:000058E8       CreateBitmap
 0001:000058F0       CreateBrushIndirect
 0001:000058F8       CreateCompatibleBitmap
 0001:00005900       CreateCompatibleDC
 0001:0001A9F8       CreateComponent
 0001:00005910       CreateDIBitmap
 0001:00005908       CreateDIBSection
 0001:000056B8       CreateEvent
 0001:000056C0       CreateFile
 0001:00005918       CreateFontIndirect
 0001:00005920       CreateHalftonePalette
 0001:00005B60       CreateIcon
 0001:0000BBBC       CreateInOutError
 0001:00005B68       CreateMenu
 0001:0002AD34       CreateMessageDialog
 0001:00005928       CreatePalette
 0001:00005930       CreatePenIndirect
 0001:00005B70       CreatePopupMenu
 0001:00064994       CreateRemoteComObject
 0001:00005938       CreateSolidBrush
 0001:000219E8       CreateSystemPalette
 0001:000056C8       CreateThread
 0001:00006118       CreateWindow
 0001:000060C0       CreateWindowEx
 0002:00000738       CreationControl
 0002:00000BB4       CreationControl
 0002:00000394       CRelationshipToBoolean
 0002:00000310       CResult
 0002:00000138       cSimpleBoolStrs
 0002:00001410       cStyles
 0002:00000340       CText
 0002:00000CB0       Ctl3DStyles
 0002:00003620       curAlloc
 0002:0000368C       CurrencyDecimals
 0002:00003688       CurrencyFormat
 0002:00003684       CurrencyString
 0002:00003DBC       CurrentFrame
 0001:00009CCC       CurrentYear
 0001:00009798       CurrToStr
 0001:000120FC       CurrToWStrViaOS
 0002:00001C2C       CursorMap
 0002:00000E90       CursorMap
 0002:00000BC4       Cursors
 0002:0000149C       Cursors
 0001:00076BC4       CursorToIdent
 0001:0003F814       CursorToIdent
 0002:00000E80       cUseAlpha
 0002:00000E88       cUseColorKey
 0002:00003CBC       CustomColorCount
 0002:000015F0       CustomCursors
 0001:000078D0       CvtInt
 0001:00007A80       CvtInt64
 0001:0000799C       CvtInt64W
 0001:0000791C       CvtIntW
 0002:00000178       CWNear
 0002:0000368D       DateSeparator
 0001:0000A8B4       DateTimeToStr
 0001:0000A858       DateTimeToString
 0001:00009924       DateTimeToTimeStamp
 0001:00012134       DateToWStrViaOS
 0001:00009CA4       DayOfWeek
 0002:00000174       DCon10
 0002:00000454       DDBsOnly
 0001:0001E004       DeallocateHWnd
 0002:00000028       DebugHook
 0002:0000368B       DecimalSeparator
 0001:00009C84       DecodeDate
 0001:00009B38       DecodeDateFully
 0001:000099D8       DecodeTime
 0001:00000764       Decommit
 0001:00000D80       DecommitFree
 0002:000035FC       decommittedRoot
 0001:0005CB9C       Default
 0001:0006226C       Default
 0002:00000020       Default8087CW
 0002:00000BB8       DefaultDockTreeClass
 0002:000035C0       DefaultUserCodePage
 0002:000006A8       DefBrushData
 0002:00000428       DefFontData
 0001:00005B78       DefFrameProc
 0002:00000204       DefLongDayNames
 0002:000001B8       DefLongMonthNames
 0001:00005B80       DefMDIChildProc
 0002:00000688       DefPenData
 0002:000001E8       DefShortDayNames
 0002:00000188       DefShortMonthNames
 0001:00005B88       DefWindowProc
 0001:00004654       DelayLoadResourceModule
 0001:00000420       DeleteBlock
 0001:00000390       DeleteCriticalSection
 0001:000056D0       DeleteCriticalSection
 0001:00005940       DeleteDC
 0001:00005948       DeleteEnhMetaFile
 0001:00000BC8       DeleteFree
 0001:00005B90       DeleteMenu
 0001:00005950       DeleteObject
 0001:00024260       DeselectBitmap
 0001:00005B98       DestroyCursor
 0001:00005BA0       DestroyIcon
 0001:0006E524       DestroyLocals
 0001:00031904       DestroyLocals
 0001:00005BA8       DestroyMenu
 0001:00005BB0       DestroyWindow
 0001:0003CD9C       DialogEnumerationTester
 0001:0002B584       Dialogs
 0002:000006E4       DIBPalSizes
 0002:0000008C       dig
 0002:000013E4       DirChangeList
 0001:00059CBC       DisableTaskWindows
 0001:00064CFC       DispatchInvoke
 0001:000652DC       DispatchInvokeError
 0001:00005BB8       DispatchMessage
 0001:00083A0C       DispatchShortCut
 0001:000601F4       DispatchShortCut
 0001:000652F8       DispCall
 0001:000653DC       DispCallByID
 0002:00003000       DispCallByIDProc
 0001:00065208       DispCallError
 0001:000071E8       DivMod
 0001:0002A2AC       Dlgs
 0001:0007B094       DNDEvent
 0001:000797AC       DoAlign
 0001:0004548C       DoAlign
 0001:000614F8       DoAlign
 0001:00049584       DoCalcConstraints
 0002:00003B8C       DockSiteList
 0001:00074890       DoClick
 0001:00055D68       DoClick
 0001:00046BD0       DoControlMsg
 0001:00059C6C       DoDisableWindow
 0001:000405A8       DoDragOver
 0001:00007260       DoExitProc
 0001:0004B5D4       DoFindControlZone
 0001:00059DA8       DoFindWindow
 0001:0004BB60       DoFindZone
 0001:0004B658       DoForEach
 0001:0004CF64       DoGetNextLimit
 0001:00059C34       DoneApplication
 0001:0004DCC4       DoneControls
 0001:0000C144       DoneExceptions
 0001:0005E570       DoNestedActivation
 0001:0001CC24       DoneThreadSynchronization
 0001:000793A0       DoPosition
 0001:00061348       DoPosition
 0001:0004504C       DoPosition
 0001:0004C58C       DoPrune
 0001:0002C9B4       DoRect
 0001:0004CA64       DoSaveZone
 0001:0004CC68       DoSetNewBounds
 0002:000003B0       DotSep
 0002:00000A04       DownStyles
 0001:00022678       DoWrite
 0001:0002337C       DoWrite
 0001:0006CCBC       DoWrite
 0001:0006AD84       DoWrite
 0001:000506B8       DoWrite
 0001:00017ECC       DoWrite
 0001:000461B8       DoWriteDesignSize
 0001:00043C24       DoWriteIsControl
 0002:00003CF1       DragAccepted
 0002:00003B70       DragCapture
 0002:00001560       DragControl
 0002:00003B64       DragControl
 0001:0007729C       DragDone
 0001:00040CF0       DragDone
 0002:00001568       DragDropEvent
 0001:00040558       DragFindTarget
 0001:0004052C       DragFindWindow
 0002:00003CDC       DragFreeObject
 0002:0000156C       DragHappenned
 0002:00003B88       DragImageList
 0002:00001578       DragImages
 0001:00040948       DragInit
 0001:00040AB8       DragInitControl
 0001:00077554       DragInitControl
 0002:00003B6C       DragInternalObject
 0001:00040474       DragMessage
 0002:00003B68       DragObject
 0002:00001574       DragObject
 0002:00003CF0       DragOp
 0002:00003B94       DragSave
 0002:00003B7C       DragSaveCursor
 0001:000773B8       DragStart
 0002:00003CE0       DragStartPos
 0002:00003B74       DragStartPos
 0002:00003CF4       DragThreshold
 0002:00003B80       DragThreshold
 0001:00040678       DragTo
 0001:000622A8       DrawAppIcon
 0001:0004C0F8       DrawCloseButton
 0001:00005BC0       DrawEdge
 0001:00005BC8       DrawFocusRect
 0001:00005BD0       DrawFrameControl
 0001:0004C150       DrawGrabberLine
 0001:00005BD8       DrawIcon
 0001:00005BE0       DrawIconEx
 0002:00000CEC       DrawingStyles
 0001:00005BE8       DrawMenuBar
 0001:000570A8       DrawMenuItem
 0001:00005BF0       DrawText
 0002:0000398C       DrawThemeBackground
 0002:000039B0       DrawThemeEdge
 0002:000039B4       DrawThemeIcon
 0002:00003A38       DrawThemeParentBackground
 0002:00003990       DrawThemeText
 0001:00007514       DumbItDownFor95
 0001:000214B8       DupBits
 0001:00004420       DynArrayClear
 0001:00004428       DynArraySetLength
 0002:00000DD8       EdgeStyle
 0002:00000CA0       EdgeStyles
 0001:0000BB90       EHeapException.FreeInstance
 0001:0009DEE4       EmitMessage
 0002:00000B40       Empty
 0001:00005BF8       EmptyClipboard
 0002:00003800       EmptyParam
 0002:000000BC       EmptyStr
 0002:000000C0       EmptyWideStr
 0001:00005C00       EnableMenuItem
 0002:00000D70       Enables
 0001:00005C08       EnableScrollBar
 0001:00059D70       EnableTaskWindows
 0002:00003A20       EnableThemeDialogTexture
 0002:00003A3C       EnableTheming
 0001:00005C10       EnableWindow
 0001:00017074       EndGlobalLoading
 0001:00005C18       EndPaint
 0001:00000380       EnterCriticalSection
 0001:000056D8       EnterCriticalSection
 0001:000056E0       EnumCalendarInfoA
 0002:00003920       EnumDisplayMonitors
 0001:0000B3D4       EnumEraNames
 0001:0000B410       EnumEraYearOffsets
 0001:0005D160       EnumMonitorsProc
 0001:00005C20       EnumThreadWindows
 0001:0001A1A8       EnumValue
 0001:00005C28       EnumWindows
 0001:000648C8       EOleException.Create
 0001:000647F8       EOleSysError.Create
 0001:00005464       EqualRect
 0001:00005C30       EqualRect
 0002:00003754       EraNames
 0001:0000AB2C       EraToYear
 0002:00003770       EraYearOffsets
 0002:00000064       errCaption
 0001:000165FC       Error
 0001:0001998C       Error
 0001:00051DA8       Error
 0001:00001840       Error
 0001:00071D54       Error
 0002:00000004       ErrorAddr
 0001:000017F4       ErrorAt
 0001:0000BC3C       ErrorHandler
 0002:00000220       ErrorMap
 0002:00003008       ErrorProc
 0002:000033E8       ErrOutput
 0002:00003C44       ExactBitmaps
 0001:00001794       ExceptAddr
 0002:0000300C       ExceptClsProc
 0001:0000C0B0       ExceptHandler
 0001:0000B9BC       Exception.Create
 0001:0000B9F8       Exception.CreateFmt
 0001:0000BB48       Exception.CreateHelp
 0001:0000BA78       Exception.CreateRes
 0001:0000BAB4       Exception.CreateResFmt
 0002:0000301C       ExceptionClass
 0001:0000B76C       ExceptionErrorMessage
 0002:00000258       ExceptMap
 0001:00001774       ExceptObject
 0002:00003010       ExceptObjProc
 0002:00003004       ExceptProc
 0001:00005958       ExcludeClipRect
 0002:00000000       ExitCode
 0001:00002EAC       ExitDll
 0002:00003048       ExitProc
 0001:0000024C       ExitProcess
 0002:00003028       ExitProcessProc
 0002:00000134       ExitProcList
 0001:00008094       ExpandFileName
 0001:00031C30       ExtActns
 0001:0002E0D4       ExtCtrls
 0001:00031A9C       ExtDlgs
 0001:0000804C       ExtractFileExt
 0001:00008014       ExtractFileName
 0001:000148CC       Failed
 0002:00003790       FalseBoolStrs
 0002:00001350       FClipboard
 0002:00003ABC       FClipboard
 0002:00000168       FCon1E18
 0001:00007EF8       FileClose
 0001:00007E60       FileCreate
 0001:00007E3C       FileCreate
 0002:000006DC       FileFormats
 0002:00001338       FileFormats
 0002:00000008       FileMode
 0001:00007DE4       FileOpen
 0001:00007E68       FileRead
 0002:000003EC       FilerSignature
 0001:00007EC0       FileSeek
 0001:000056E8       FileTimeToLocalFileTime
 0001:000056F0       FileTimeToSystemTime
 0001:00007E94       FileWrite
 0001:00000CB0       FillAfterGap
 0001:00000C5C       FillBeforeGap
 0001:00000D48       FillerSizeAfterGap
 0001:00000CD8       FillerSizeBeforeGap
 0001:00005C38       FillRect
 0002:00000A0C       FillStyles
 0001:000148D8       Finalization
 0001:0002A1D4       Finalization
 0001:0007E2A4       Finalization
 0001:0002A20C       Finalization
 0001:0001E02C       Finalization
 0001:00057384       Finalization
 0001:0007EC40       Finalization
 0001:00066724       Finalization
 0001:0002A244       Finalization
 0001:0002A27C       Finalization
 0001:000051FC       Finalization
 0001:0002B528       Finalization
 0001:0001E430       Finalization
 0001:0002E08C       Finalization
 0001:0002E144       Finalization
 0001:0002E17C       Finalization
 0001:00013F48       Finalization
 0001:000B7224       Finalization
 0001:000669C4       Finalization
 0001:00013D3C       Finalization
 0001:000B71EC       Finalization
 0001:0000D8CC       Finalization
 0001:0002E210       Finalization
 0001:000658B8       Finalization
 0001:00031A0C       Finalization
 0001:000656B8       Finalization
 0001:00031A6C       Finalization
 0001:0006453C       Finalization
 0001:00031ABC       Finalization
 0001:0002A12C       Finalization
 0001:0008763C       Finalization
 0001:00065608       Finalization
 0001:00031B24       Finalization
 0001:00031B88       Finalization
 0001:00031BE0       Finalization
 0001:00064604       Finalization
 0001:00031C38       Finalization
 0001:0002A0F4       Finalization
 0001:00035670       Finalization
 0001:0002A0BC       Finalization
 0001:00065530       Finalization
 0001:0002A04C       Finalization
 0001:0006C214       Finalization
 0001:000B0F20       Finalization
 0001:00036380       Finalization
 0001:00087698       Finalization
 0001:000876D0       Finalization
 0001:00087708       Finalization
 0001:0002951C       Finalization
 0001:00089304       Finalization
 0001:0008A748       Finalization
 0001:0003C228       Finalization
 0001:0003C390       Finalization
 0001:0008B1DC       Finalization
 0001:0003D014       Finalization
 0001:00050E08       Finalization
 0001:000296C8       Finalization
 0001:0008B214       Finalization
 0001:000273A0       Finalization
 0001:0008BC1C       Finalization
 0001:00027580       Finalization
 0001:0008C0F0       Finalization
 0001:0009DBEC       Finalization
 0001:000B665C       Finalization
 0001:0009DB9C       Finalization
 0001:0007529C       Finalization
 0001:0009D2B4       Finalization
 0001:0008CEEC       Finalization
 0001:0000E288       Finalization
 0001:000B121C       Finalization
 0001:0009BB20       Finalization
 0001:0006E008       Finalization
 0001:0008D3B8       Finalization
 0001:0004F248       Finalization
 0001:0004DF18       Finalization
 0001:00027838       Finalization
 0001:0009B5B0       Finalization
 0001:0008D91C       Finalization
 0001:000B33AC       Finalization
 0001:0006E040       Finalization
 0001:0008F2C8       Finalization
 0001:0009B33C       Finalization
 0001:000B50FC       Finalization
 0001:0008F7A8       Finalization
 0001:0006E118       Finalization
 0001:0008FDB8       Finalization
 0001:0009A4D4       Finalization
 0001:00090FC8       Finalization
 0001:000B3DA8       Finalization
 0001:00092334       Finalization
 0001:0006E4D0       Finalization
 0001:00099AC0       Finalization
 0001:000065C0       Finalization
 0001:000995BC       Finalization
 0001:000062A0       Finalization
 0001:000291F8       Finalization
 0001:0006E5BC       Finalization
 0001:0006E61C       Finalization
 0001:00006268       Finalization
 0001:00070BD8       Finalization
 0001:000291C0       Finalization
 0001:0006FB6C       Finalization
 0001:00093348       Finalization
 0001:000984DC       Finalization
 0001:00029178       Finalization
 0001:00097D34       Finalization
 0001:0006ED30       Finalization
 0001:00028190       Finalization
 0001:0006EBCC       Finalization
 0001:00028150       Finalization
 0001:0006EB50       Finalization
 0001:000937D4       Finalization
 0001:0006E728       Finalization
 0001:000279D0       Finalization
 0001:0009529C       Finalization
 0001:00097440       Finalization
 0001:00095E54       Finalization
 0001:0006E7F0       Finalization
 0001:0002A164       Finalization
 0001:00065A2C       Finalization
 0001:0000557C       Finalization
 0001:0000542C       Finalization
 0001:0002A19C       Finalization
 0001:000147D8       Finalization
 0001:00004418       FinalizeArray
 0001:00002CE0       FinalizeUnits
 0001:00065928       FinalPAnsiString
 0001:000659A4       FinalPWideString
 0001:00055B28       Find
 0001:00074698       Find
 0001:000046C4       FindBS
 0001:00016B18       FindClass
 0001:0000464C       FindClassHInstance
 0001:0000025C       FindClose
 0001:00000C2C       FindCommitted
 0001:00076BE4       FindControl
 0001:0003F5F4       FindControl
 0001:00076C24       FindControl
 0001:0004BD8C       FindControlAtPos
 0001:00013C4C       FindCustomVariantType
 0001:00013B94       FindCustomVariantType
 0001:00076D78       FindDragTarget
 0001:00041014       FindDragTarget
 0001:0001ABA8       FindExistingComponent
 0001:00000264       FindFirstFile
 0001:00080418       FindGlobalComponent
 0001:00016F04       FindGlobalComponent
 0001:00059EB4       FindGlobalComponent
 0002:00003864       FindGlobalComponentProcs
 0001:00004624       FindHInstance
 0001:00016DAC       FindIdentToInt
 0002:00003A7C       FindMsg
 0001:00019D38       FindNestedComponent
 0001:00076C10       FindObject
 0001:00051D70       FindPopupControl
 0001:0000DF50       FindProc
 0001:000056F8       FindResource
 0001:0000469C       FindResourceHInstance
 0001:00063D90       FindScanline
 0001:00059E0C       FindTopMostWindow
 0001:0001BA8C       FindUniqueName
 0001:00013840       FindVarData
 0001:00040FE0       FindVCLWindow
 0001:00005C40       FindWindow
 0001:0003CDF4       FindWinHelp
 0001:00024658       FixupBitFields
 0002:00000DE8       Flags
 0002:000037A0       FLanguages
 0001:0002954C       FlatSB
 0002:0000394C       FlatSB_EnableScrollBar
 0002:00003958       FlatSB_GetScrollInfo
 0002:0000395C       FlatSB_GetScrollPos
 0002:00003954       FlatSB_GetScrollRange
 0002:00003964       FlatSB_SetScrollInfo
 0002:00003960       FlatSB_SetScrollPos
 0001:0002923C       FlatSB_SetScrollProp
 0002:00003968       FlatSB_SetScrollRange
 0002:00003950       FlatSB_ShowScrollBar
 0001:00009428       FloatToDecimal
 0001:00009768       FloatToStr
 0001:000097C8       FloatToStrF
 0001:00008E60       FloatToText
 0001:00009134       FloatToTextFmt
 0001:00001BA8       Flush
 0002:000013F0       FLVColTitles
 0002:0000017C       FMSecsPerDay
 0001:00008820       FmtStr
 0002:00003D14       FocusCount
 0002:00000E04       FocusCount
 0001:0007ADF8       FocusEvent
 0002:00000E00       FocusMessages
 0002:0000157C       FocusPolicy
 0002:000005F8       FontCharsets
 0002:000038DC       FontManager
 0001:0007C1F8       ForcePaints
 0001:00059E88       ForegroundTask
 0001:000B124C       FormAbout
 0002:00003DA4       FormAbout1
 0001:0000880C       Format
 0002:00000184       Format
 0001:00008414       FormatBuf
 0001:00008408       FormatClearStr
 0001:0000838C       FormatError
 0002:00000160       FormatErrorStrs
 0001:00009800       FormatFloat
 0001:0009DEEC       FormatMessage
 0001:00005700       FormatMessage
 0001:000083E4       FormatVarToStr
 0001:00064598       Forms
 0002:000015E0       FormStyleFlags
 0002:00003D0C       FormWidgetCreatedHook
 0001:00001E54       FPower10
 0002:00000734       FPrinter
 0001:0002CA78       Frame3D
 0001:0009D2E4       FrameAskue
 0001:0009B5E0       FrameBereg
 0001:0008B20C       FrameChemist
 0001:0008B244       FrameChemist2
 0001:0009A504       FrameCollectSHA711
 0001:0008A778       FrameCollectSPT
 0001:000952CC       FrameGASMET
 0001:0009BB50       FrameGradirnya
 0001:000B33DC       FrameOwnNeeds
 0001:00005C48       FrameRect
 0001:000B512C       FrameSummary
 0001:000B3DD8       FrameTeploset
 0001:0009B36C       FrameTeplosetBalans
 0001:00099AF0       FrameTurb
 0001:0008F2F8       FrameTurb_KA
 0001:0008F7D8       FrameTurb_NGVS
 0001:0008FDE8       FrameTurb_Och4KA
 0001:00090FF8       FrameTurb_Och5KA
 0001:00095E84       FrameTurb_Och6Acoustics
 0001:00092364       FrameTurb_Och6KA
 0001:00093378       FrameTurb_Och7KA
 0001:0008BC4C       FrameTurb_Ochered4
 0001:0008C120       FrameTurb_Ochered5
 0001:0008D3E8       FrameTurb_Ochered7
 0001:00093804       FrameTurb_PDU
 0001:0008D94C       FrameTurb_ROU10_13
 0001:0008CF1C       FrameTurb_TA10
 0001:00097470       FrameTurb_TA12
 0001:000995EC       FrameTurb_TEP_KA7_15
 0001:0009850C       FrameTurb_TEP_TA10_12
 0001:00097D64       FrameTurb_TEP_TA4_9
 0001:0009DBCC       FrameUPS
 0001:0000D4AC       FreeAndNil
 0001:00000998       FreeCommitted
 0001:00000EB8       FreeCurAlloc
 0001:000410D4       FreeDeviceContext
 0001:00041190       FreeDeviceContexts
 0001:0001DDF8       FreeIntConstList
 0001:0000026C       FreeLibrary
 0001:00005708       FreeLibrary
 0001:000241B4       FreeMemoryContexts
 0001:0001DF2C       FreeObjectInstance
 0001:00005718       FreeResource
 0001:00000618       FreeSpace
 0001:0000D018       FreeTerminateProcs
 0001:00029700       FreeThemeLibrary
 0002:00003B1C       FRichEditModule
 0002:00003DB8       frmOPClient
 0002:00003D18       FVisibleTLWidgets
 0001:000214A8       GDICheck
 0001:00021400       GDIError
 0001:00005960       GdiFlush
 0001:00001AE8       Get8087CW
 0001:00005720       GetACP
 0001:00005C50       GetActiveWindow
 0001:000619D4       GetAnimation
 0001:0002A690       GetAveCharSize
 0001:0002EECC       GetBitBtnGlyph
 0001:00005968       GetBitmapBits
 0001:00000398       GetBlockDesc
 0001:00005970       GetBrushOrgEx
 0001:00005C58       GetCapture
 0001:0003F910       GetCaptureControl
 0001:00076E58       GetCaptureControl
 0001:00016AC4       GetClass
 0001:00005C60       GetClassInfo
 0001:00005C68       GetClassName
 0001:00005C70       GetClientRect
 0001:00005C78       GetClipboardData
 0001:00022ED4       GetClipboardFormats
 0001:00005978       GetClipBox
 0001:00000334       GetCmdShow
 0001:0004F4A0       GetColor
 0001:00067A84       GetColorGroupAndRole
 0001:00032F54       GetComCtlVersion
 0001:00000274       GetCommandLine
 0001:000007E4       GetCommitted
 0001:00000874       GetCommittedAt
 0001:00005730       GetComputerName
 0001:00046784       GetControlAtPos
 0001:00079C1C       GetControlAtPos
 0001:00009D90       GetCount
 0001:00005728       GetCPInfo
 0001:00005980       GetCurrentPositionEx
 0001:00005738       GetCurrentProcessId
 0002:00003A30       GetCurrentThemeName
 0001:00005740       GetCurrentThreadId
 0001:00000324       GetCurrentThreadId
 0001:0000602C       GetCurrentTime
 0001:00005C80       GetCursor
 0001:00063DA0       GetCursorHeightMargin
 0001:00086634       GetCursorHeightMargin
 0001:00005C88       GetCursorPos
 0001:00076EC8       GetCursorPos
 0001:00009DBC       GetDate
 0001:00005748       GetDateFormat
 0001:0000AA44       GetDateOrder
 0001:00005C90       GetDC
 0001:00005C98       GetDCEx
 0001:00005988       GetDCOrgEx
 0001:00026FB0       GetDefFontCharSet
 0001:00005CA0       GetDesktopWindow
 0001:000059A0       GetDeviceCaps
 0001:00022408       GetDIB
 0001:00005990       GetDIBColorTable
 0001:00005998       GetDIBits
 0001:00022350       GetDIBSizes
 0001:00021618       GetDInColors
 0001:00005750       GetDiskFreeSpaceA
 0002:00000130       GetDiskFreeSpaceEx
 0001:0004D044       GetDockAlign
 0001:000402B8       GetDockSiteAtPos
 0001:000405E4       GetDropCtl
 0001:000024D4       GetDynaMethod
 0001:00067AFC       GetEmptyQBrush
 0001:00067B0C       GetEmptyQFont
 0001:00067B04       GetEmptyQPen
 0001:000059A8       GetEnhMetaFileBits
 0001:000059B0       GetEnhMetaFileHeader
 0001:000059B8       GetEnhMetaFilePaletteEntries
 0001:00013FB8       GetEnumNameValue
 0001:00014004       GetEnumValue
 0001:0000B488       GetEraNamesAndYearOffsets
 0001:0000AAD8       GetEraYearOffset
 0001:000148B8       GetErrorInfo
 0001:0000BE00       GetExceptionClass
 0001:0000BFE4       GetExceptionObject
 0001:00016A4C       GetFieldClassTable
 0001:00022EB4       GetFileFormats
 0001:0000C254       GetFileVersion
 0001:000058C0       GetFileVersionInfo
 0001:000058C8       GetFileVersionInfoSize
 0001:00005CA8       GetFocus
 0001:0001FF50       GetFontData
 0001:00005CB0       GetForegroundWindow
 0001:0000CA9C       GetFormatSettings
 0001:00005758       GetFullPathName
 0001:0001F4BC       GetHashCode
 0001:0005EF4C       GetHelpInfo
 0001:00028610       GetHelpSystem
 0001:00085520       GetHint
 0001:000617B8       GetHint
 0001:00085558       GetHintControl
 0001:000617F0       GetHintControl
 0001:00071928       GetHotkey
 0001:00057224       GetHotkey
 0001:00005CB8       GetIconInfo
 0001:00065074       GetIDsOfNames
 0001:000659FC       GetIntsLength
 0001:000659F4       GetIntsPtr
 0001:00005CD0       GetKeyboardLayout
 0001:00005CD8       GetKeyboardLayoutList
 0001:00005CE0       GetKeyboardState
 0001:00002140       GetKeyboardType
 0001:00005CC0       GetKeyNameText
 0001:00005CC8       GetKeyState
 0001:00005CE8       GetLastActivePopup
 0001:0004B30C       GetLastChildZone
 0001:00005760       GetLastError
 0001:0000B24C       GetLocaleChar
 0001:00005770       GetLocaleInfo
 0001:0000027C       GetLocaleInfo
 0001:0000B200       GetLocaleStr
 0001:00005768       GetLocalTime
 0001:0003F878       GetLongHint
 0001:0007699C       GetLongHint
 0001:00005CF0       GetMenu
 0001:0005EED4       GetMenuHelpContext
 0001:00005CF8       GetMenuItemCount
 0001:00005D00       GetMenuItemID
 0001:00005D08       GetMenuItemInfo
 0001:00054374       GetMenuSize
 0001:00005D10       GetMenuState
 0001:00005D18       GetMenuString
 0001:000146B0       GetMethodProp
 0001:00005778       GetModuleFileName
 0001:00000284       GetModuleFileName
 0001:0000028C       GetModuleHandle
 0001:00005780       GetModuleHandle
 0001:00005324       GetModuleHandle
 0002:00003914       GetMonitorInfo
 0002:00003918       GetMonitorInfoA
 0002:0000391C       GetMonitorInfoW
 0001:0000B2B0       GetMonthDayNames
 0001:00076E30       GetMouseGrabControl
 0001:00005D20       GetNextWindow
 0001:000059C0       GetObject
 0001:00014160       GetOrdProp
 0001:000059C8       GetPaletteEntries
 0001:00001920       GetParamStr
 0001:00005D28       GetParent
 0001:0005A080       GetParentForm
 0001:00080338       GetParentForm
 0001:000059D0       GetPixel
 0001:000659C4       GetPointsLength
 0001:000659BC       GetPointsPtr
 0001:00005788       GetProcAddress
 0001:00000294       GetProcAddress
 0001:00005D30       GetProp
 0001:00014068       GetPropInfo
 0001:000140D8       GetPropInfos
 0001:0001412C       GetPropList
 0001:0005A540       GetRealScrollPosition
 0001:0004F480       GetRGBColor
 0001:00005D38       GetScrollInfo
 0001:00005D40       GetScrollPos
 0001:00005D48       GetScrollRange
 0001:0007695C       GetShortHint
 0001:0003F834       GetShortHint
 0001:0000053C       GetSpace
 0001:000005A0       GetSpaceAt
 0001:00051E00       GetSpecialName
 0001:0000029C       GetStartupInfo
 0001:0000021C       GetStdHandle
 0001:00005790       GetStdHandle
 0001:000059D8       GetStockObject
 0001:00005798       GetStringTypeEx
 0001:00005D50       GetSubMenu
 0001:00005D58       GetSysColor
 0001:00005D60       GetSysColorBrush
 0001:000057A0       GetSystemInfo
 0001:00005D68       GetSystemMenu
 0002:00003904       GetSystemMetrics
 0001:00005D70       GetSystemMetrics
 0001:000059E0       GetSystemPaletteEntries
 0001:000059F0       GetTextExtentPoint
 0001:000059E8       GetTextExtentPoint32
 0001:000059F8       GetTextMetrics
 0002:00003A28       GetThemeAppProperties
 0002:00003994       GetThemeBackgroundContentRect
 0002:00003998       GetThemeBackgroundExtent
 0002:000039A8       GetThemeBackgroundRegion
 0002:000039CC       GetThemeBool
 0002:000039C0       GetThemeColor
 0002:00003A34       GetThemeDocumentationProperty
 0002:000039D4       GetThemeEnumValue
 0002:000039F4       GetThemeFilename
 0002:000039DC       GetThemeFont
 0002:000039D0       GetThemeInt
 0002:000039E8       GetThemeIntList
 0002:000039E4       GetThemeMargins
 0002:000039C4       GetThemeMetric
 0002:0000399C       GetThemePartSize
 0002:000039D8       GetThemePosition
 0002:000039EC       GetThemePropertyOrigin
 0002:000039E0       GetThemeRect
 0002:000039C8       GetThemeString
 0002:00003A00       GetThemeSysBool
 0002:000039F8       GetThemeSysColor
 0002:000039FC       GetThemeSysColorBrush
 0002:00003A08       GetThemeSysFont
 0002:00003A10       GetThemeSysInt
 0002:00003A04       GetThemeSysSize
 0002:00003A0C       GetThemeSysString
 0002:000039A0       GetThemeTextExtent
 0002:000039A4       GetThemeTextMetrics
 0001:000002A4       GetThreadLocale
 0001:000057A8       GetThreadLocale
 0001:000057B0       GetTickCount
 0001:00009DF4       GetTime
 0001:00005350       GetTlsSize
 0001:00061F84       GetTopMostWindows
 0001:0003FA18       GetTopParent
 0001:00005D78       GetTopWindow
 0001:00013FAC       GetTypeData
 0001:0000032C       GetVersion
 0001:000057B8       GetVersion
 0001:000057C0       GetVersionEx
 0001:00005D80       GetWindow
 0001:00005D88       GetWindowDC
 0001:00005D90       GetWindowLong
 0001:00005A08       GetWindowOrgEx
 0001:00005D98       GetWindowPlacement
 0001:00005DA0       GetWindowRect
 0001:00005DA8       GetWindowText
 0002:00003A1C       GetWindowTheme
 0001:00005DB0       GetWindowThreadProcessId
 0001:00005DB8       GetWindowThreadProcessId
 0001:00005A00       GetWinMetaFileBits
 0002:0000140C       GFilePreviewers
 0002:000013E8       GIconProvider16
 0002:000013EC       GIconProvider32
 0001:000057C8       GlobalAddAtom
 0001:000057D0       GlobalAlloc
 0001:00006038       GlobalAllocPtr
 0001:000057D8       GlobalDeleteAtom
 0001:000057E0       GlobalFindAtom
 0002:00003868       GlobalFixupList
 0001:00019E80       GlobalFixupReferences
 0001:000057E8       GlobalFree
 0001:00006064       GlobalFreePtr
 0001:000057F8       GlobalHandle
 0001:000057F0       GlobalLock
 0002:0000384C       GlobalNameSpace
 0001:00005800       GlobalReAlloc
 0001:00006048       GlobalReAllocPtr
 0001:00005808       GlobalUnlock
 0002:000009FC       GlyphCache
 0001:00027474       Graphics
 0001:00087738       Grids
 0001:000B67B8       GroupAddItem
 0001:000B6A5C       GroupAdviseTime
 0001:00016C40       GroupDescendentsWith
 0002:00003DC8       GroupHandle
 0002:00003DC4       GroupIf
 0001:000B69A0       GroupRemoveItem
 0001:000B6B7C       GroupUnAdvise
 0002:000003B4       GUID_NULL
 0001:0000ED68       HandleConversionException
 0001:0005F154       HandleEdge
 0001:0001B2E4       HandleException
 0002:00000024       HeapAllocFlags
 0002:000035C8       heapErrorCode
 0002:000035CC       heapLock
 0001:000291B8       HelpIntfs
 0002:00003940       HelpManager
 0002:00003A78       HelpMsg
 0002:00003B40       HelpViewer
 0002:00003B44       HelpViewerIntf
 0002:0000012C       HexDisplayPrefix
 0002:00000B30       HideSelections
 0001:0004D0C0       HideZone
 0002:00003668       HInstance
 0002:00003BFC       HintDoneEvent
 0001:000618C0       HintGetMsgHook
 0002:00003C00       HintHook
 0001:00061864       HintMouseThread
 0002:00003C04       HintThread
 0002:00003BF8       HintThreadID
 0001:00061810       HintTimerProc
 0002:00000DF8       HintWindowClass
 0002:000015C0       HintWindowClass
 0002:000039AC       HitTestThemeBackground
 0001:00061904       HookHintHooks
 0002:00003DDC       HR
 0001:00006170       HwndMSWheel
 0002:00000D8C       IBreaks
 0002:00000D98       IChecks
 0002:00000754       IconIDs
 0002:00000DA0       IDefaults
 0001:0001FF40       IdentToCharset
 0001:0001FD38       IdentToColor
 0001:000684F0       IdentToColor
 0001:0003F824       IdentToCursor
 0001:00076BD4       IdentToCursor
 0001:00016E28       IdentToInt
 0002:00000DA8       IEnables
 0001:00055118       IfHotkeyAvailable
 0001:00072370       IfHotkeyAvailable
 0002:00003BD4       ImageListWriteExProc
 0001:00027924       ImageList_Add
 0001:00027944       ImageList_AddIcon
 0001:00027970       ImageList_BeginDrag
 0001:0002790C       ImageList_Create
 0001:00027914       ImageList_Destroy
 0001:00027980       ImageList_DragEnter
 0001:00027988       ImageList_DragLeave
 0001:00027990       ImageList_DragMove
 0001:000279A0       ImageList_DragShowNolock
 0001:00027950       ImageList_Draw
 0001:00027960       ImageList_DrawEx
 0001:00027978       ImageList_EndDrag
 0001:0002793C       ImageList_GetBkColor
 0001:000279A8       ImageList_GetDragImage
 0001:000279C0       ImageList_GetIconSize
 0001:0002791C       ImageList_GetImageCount
 0001:000279B0       ImageList_Read
 0001:00027968       ImageList_Remove
 0001:00027958       ImageList_Replace
 0001:0002792C       ImageList_ReplaceIcon
 0001:00027934       ImageList_SetBkColor
 0001:00027998       ImageList_SetDragCursorImage
 0001:000279C8       ImageList_SetIconSize
 0001:000279B8       ImageList_Write
 0002:00000CFC       Images
 0001:00050E38       ImgList
 0001:000281C0       Imm
 0002:00000CE0       IMM32DLL
 0001:0004DCB0       Imm32IsIME
 0002:00000180       IMSecsPerDay
 0001:0000F0F4       InBounds
 0001:0000EE54       InBounds
 0001:0000EE84       Increment
 0001:0000F124       Increment
 0001:00077290       InDragDropOperation
 0001:00005DC0       InflateRect
 0001:00068500       InflateRect
 0001:00031B04       IniFiles
 0001:00000A24       InitAllocator
 0001:00027A08       InitAnApi
 0002:0000392C       InitApis
 0001:00027878       InitComCtl
 0001:00032F28       InitCommonControl
 0001:00027870       InitCommonControls
 0001:000278D8       InitCommonControlsEx
 0001:000654B8       InitComObj
 0001:000170D0       InitComponent
 0002:00003638       InitContext
 0001:0004DD4C       InitControls
 0001:0009E1BC       InitDecompressor
 0001:0009F20C       InitDefaults
 0001:00026FF4       InitDefFontData
 0002:000015A8       InitDevice
 0001:0000D038       InitDriveSpacePtr
 0001:0000C0C0       InitExceptions
 0001:00029298       InitFlatSB
 0001:0002B3D4       InitGlobals
 0002:00001564       InitialDragControl
 0001:00022208       InitializeBitmapInfoHeader
 0001:00000378       InitializeCriticalSection
 0001:00005810       InitializeCriticalSection
 0002:000035C4       initialized
 0001:00029270       InitializeFlatSB
 0001:000053DC       InitializeModule
 0001:000666AC       InitializePAnsiString
 0001:000666C4       InitializePIntArray
 0001:000666BC       InitializePPointArray
 0001:000666B4       InitializePWideString
 0001:0000DF7C       InitializeVarUtils
 0001:0004D950       InitIMM32
 0001:00017178       InitInheritedComponent
 0001:0000C8B0       InitLeadBytes
 0001:000280E4       InitMultiMonStubs
 0001:0006590C       InitPAnsiString
 0001:0000C1C4       InitPlatformId
 0002:00003044       InitProc
 0001:000644B0       InitProcs
 0001:00065988       InitPWideString
 0001:0006C11C       InitScreenLogPixels
 0001:00026F78       InitScreenLogPixels
 0001:0000C928       InitSysLocale
 0001:000298C0       InitThemeLibrary
 0001:0001CBF0       InitThreadSynchronization
 0001:00005358       InitThreadTLS
 0001:00002D40       InitUnits
 0001:0003F508       InitWndProc
 0002:00000C80       InnerStyles
 0002:00003050       Input
 0001:000612E8       InsertBefore
 0001:000792EC       InsertBefore
 0001:00044FC0       InsertBefore
 0001:00000E30       InsertFree
 0001:000551CC       InsertHotkeyFarEastFormat
 0001:0007245C       InsertHotkeyFarEastFormat
 0001:00005DC8       InsertMenu
 0001:00005DD0       InsertMenuItem
 0001:00073478       InsertMerged
 0002:00003884       InstBlockList
 0002:00003888       InstFreeList
 0002:0000385C       IntConstList
 0001:0000D0A0       InterlockedDecrement
 0001:0000031C       InterlockedDecrement
 0001:00005710       InterlockedExchange
 0001:0000D0AC       InterlockedExchange
 0001:0000D0B4       InterlockedExchangeAdd
 0001:00000314       InterlockedIncrement
 0001:0000D094       InterlockedIncrement
 0001:0001F448       InternalDeletePalette
 0001:00001B60       InternalFlush
 0001:00000C8C       InternalFreeMem
 0001:00022358       InternalGetDIB
 0001:000222EC       InternalGetDIBSizes
 0001:00080320       InternalIsMaximized
 0001:00085BD8       InternalLoadTranslator
 0001:00016F68       InternalReadComponentRes
 0002:00003B28       InternalServices
 0001:00003524       InternalUniqueString
 0001:00005A10       IntersectClipRect
 0001:000054D0       IntersectRect
 0001:00005DD8       IntersectRect
 0001:00007B74       IntToHex
 0001:00016E68       IntToIdent
 0001:00007B4C       IntToStr
 0001:0000797C       IntToStr
 0001:00005DE0       InvalidateRect
 0001:00021388       InvalidBitmap
 0001:00021370       InvalidGraphic
 0001:00067B2C       InvalidGraphic
 0001:00021394       InvalidIcon
 0001:000213A0       InvalidMetafile
 0001:00067B14       InvalidOperation
 0001:00021358       InvalidOperation
[...]
 0002:00003BA0       _ImmGetContext
 0002:00003BA4       _ImmReleaseContext
 0002:00003BA8       _ImmGetConversionStatus
 0002:00003BAC       _ImmSetConversionStatus
 0002:00003BB0       _ImmSetOpenStatus
 0002:00003BB4       _ImmSetCompositionWindow
 0002:00003BB8       _ImmSetCompositionFont
 0002:00003BBC       _ImmGetCompositionString
 0002:00003BC0       _ImmIsIME
 0002:00003BC4       _ImmNotifyIME
 0002:00003BC8       .8
 0002:00003BCC       .3
 0002:00003BD0       CachedComCtrlVer
 0002:00003BD4       ImageListWriteExProc
 0002:00003BD8       PopupList
 0002:00003BDC       ShortCutItems
 0002:00003BE0       .9
 0002:00003BE4       CommandPool
 0002:00003BE8       Application
 0002:00003BEC       Screen
 0002:00003BF0       .41
 0002:00003BF4       RM_TaskbarCreated
 0002:00003BF8       HintThreadID
 0002:00003BFC       HintDoneEvent
 0002:00003C00       HintHook
 0002:00003C04       HintThread
 0002:00003C08       .1
 0002:00003C0C       .41
 0002:00003C10       OleUninitializing
 0002:00003C14       ComClassManagerVar
 0002:00003C18       SaveInitProc
 0002:00003C1C       NeedToUninitialize
 0002:00003C20       .1
 0002:00003C24       OPCSTMFORMATDATA
 0002:00003C28       OPCSTMFORMATDATATIME
 0002:00003C2C       OPCSTMFORMATWRITECOMPLETE
 0002:00003C30       .1
 0002:00003C34       .2
 0002:00003C38       .1
 0002:00003C3C       .314
 0002:00003C40       .1
 0002:00003C44       ExactBitmaps
 0002:00003C48       .22
 0002:00003C4C       ScreenLogPixels
 0002:00003C50       CounterLock
 0002:00003C68       PatternManager
 0002:00003C6C       .4
 0002:00003C70       .2
 0002:00003C74       .32
 0002:00003C78       .31
 0002:00003C7C       .3
 0002:00003C80       BitBtnGlyphs
 0002:00003CAC       .95
 0002:00003CB0       .51
 0002:00003CB4       .3
 0002:00003CB8       .81
 0002:00003CBC       CustomColorCount
 0002:00003CC0       .1
 0002:00003CC4       .81
 0002:00003CC8       .5
 0002:00003CCC       .8
 0002:00003CD0       ShortCutItems
 0002:00003CD4       .8
 0002:00003CD8       .12
 0002:00003CDC       DragFreeObject
 0002:00003CE0       DragStartPos
 0002:00003CE8       LastDragPos
 0002:00003CF0       DragOp
 0002:00003CF1       DragAccepted
 0002:00003CF4       DragThreshold
 0002:00003CF8       ActivatingDrag
 0002:00003CFC       .6
 0002:00003D00       Application
 0002:00003D04       Screen
 0002:00003D08       Mouse
 0002:00003D0C       FormWidgetCreatedHook
 0002:00003D10       .21
 0002:00003D14       FocusCount
 0002:00003D18       FVisibleTLWidgets
 0002:00003D1C       .2
 0002:00003D20       .5
 0002:00003D24       .11
 0002:00003D28       .5
 0002:00003D2C       .2
 0002:00003D30       .2
 0002:00003D34       .2
 0002:00003D38       .2
 0002:00003D3C       .2
 0002:00003D40       .2
 0002:00003D44       .2
 0002:00003D48       .2
 0002:00003D4C       .2
 0002:00003D50       .2
 0002:00003D54       .2
 0002:00003D58       .2
 0002:00003D5C       .2
 0002:00003D60       .2
 0002:00003D64       .2
 0002:00003D68       .2
 0002:00003D6C       .2
 0002:00003D70       .2
 0002:00003D74       .2
 0002:00003D78       .2
 0002:00003D7C       .2
 0002:00003D80       .2
 0002:00003D84       .2
 0002:00003D88       .2
 0002:00003D8C       .2
 0002:00003D90       .2
 0002:00003D94       .2
 0002:00003D98       .2
 0002:00003D9C       .1
 0002:00003DA0       .3
 0002:00003DA4       FormAbout1
 0002:00003DA8       .2
 0002:00003DAC       .2
 0002:00003DB0       .2
 0002:00003DB4       .2
 0002:00003DB8       frmOPClient
 0002:00003DBC       CurrentFrame
 0002:00003DC0       ServerIf
 0002:00003DC4       GroupIf
 0002:00003DC8       GroupHandle
 0002:00003DCC       Item0Name
 0002:00003DD0       Item0Handle
 0002:00003DD4       ItemType
 0002:00003DD8       ItemValue
 0002:00003DDC       HR
 0002:00003DE0       AdviseSink
 0002:00003DE4       AsyncConnection
 0002:00003DE8       OPCDataCallback
 0002:00003DEC       ItemsList
 0002:00003DF0       .4
 0002:00003DF4       .1


Line numbers for OPCtypes(OPCtypes.pas) segment .text

    44 0001:00065638    44 0001:0006563F

Line numbers for OPCDA(OPCDA.pas) segment .text

   668 0001:00065640   669 0001:0006564F   670 0001:0006565E   672 0001:0006566D
   674 0001:000656E8   675 0001:000656F1   677 0001:000656F6

Line numbers for FrameCollectSPT(FrameCollectSPT.pas) segment .text

   333 0001:0008A778   333 0001:0008A77F

Line numbers for FrameChemist(FrameChemist.pas) segment .text

   181 0001:0008B20C   181 0001:0008B213

Line numbers for FrameChemist2(FrameChemist2.pas) segment .text

    21 0001:0008B244    21 0001:0008B24B

Line numbers for FrameTurb_Ochered4(FrameTurb_Ochered4.pas) segment .text

   168 0001:0008BC4C   168 0001:0008BC53

Line numbers for FrameTurb_Ochered5(FrameTurb_Ochered5.pas) segment .text

    77 0001:0008C120    77 0001:0008C127

Line numbers for FrameTurb_TA10(FrameTurb_TA10.pas) segment .text

   238 0001:0008CF1C   238 0001:0008CF23

Line numbers for FrameTurb_Ochered7(FrameTurb_Ochered7.pas) segment .text

    77 0001:0008D3E8    77 0001:0008D3EF

Line numbers for FrameTurb_ROU10_13(FrameTurb_ROU10_13.pas) segment .text

    87 0001:0008D94C    87 0001:0008D953

Line numbers for FrameTurb_KA(FrameTurb_KA.pas) segment .text

   189 0001:0008E4A4   191 0001:0008E4C5   192 0001:0008E522   193 0001:0008E57F
   194 0001:0008E5DC   195 0001:0008E639   196 0001:0008E690   197 0001:0008E6E7
   198 0001:0008E73E   200 0001:0008E795   201 0001:0008E7F2   202 0001:0008E855
   203 0001:0008E8C4   204 0001:0008E933   205 0001:0008E99C   206 0001:0008EA05
   207 0001:0008EA6E   209 0001:0008EAD7   210 0001:0008EB46   211 0001:0008EBB5
   212 0001:0008EC24   213 0001:0008EC93   214 0001:0008ECFC   215 0001:0008ED65
   216 0001:0008EDCE   218 0001:0008EE37   219 0001:0008EEA0   220 0001:0008EF09
   221 0001:0008EF72   222 0001:0008F2B1   224 0001:0008F2F8   224 0001:0008F2FF

Line numbers for FrameTurb_NGVS(FrameTurb_NGVS.pas) segment .text

    77 0001:0008F7D8    77 0001:0008F7DF

Line numbers for FrameTurb_Och4KA(FrameTurb_Och4KA.pas) segment .text

    96 0001:0008FDE8    96 0001:0008FDEF

Line numbers for FrameTurb_Och5KA(FrameTurb_Och5KA.pas) segment .text

   319 0001:00090FF8   319 0001:00090FFF

Line numbers for FrameTurb_Och6KA(FrameTurb_Och6KA.pas) segment .text

   343 0001:00092364   343 0001:0009236B

Line numbers for FrameTurb_Och7KA(FrameTurb_Och7KA.pas) segment .text

   283 0001:00093378   283 0001:0009337F

Line numbers for FrameTurb_PDU(FrameTurb_PDU.pas) segment .text

    73 0001:00093804    73 0001:0009380B

Line numbers for FrameGASMET(FrameGASMET.pas) segment .text

   224 0001:000945D0   225 0001:000945F3   227 0001:00094601   228 0001:0009465D
   229 0001:000946B9   230 0001:00094715   232 0001:00094771   233 0001:000947CD
   234 0001:00094829   235 0001:00094885   237 0001:000948E1   238 0001:0009493D
   239 0001:00094999   240 0001:000949F5   242 0001:00094A51   243 0001:00094AAD
   244 0001:00094B09   245 0001:00094B6B   247 0001:00094BD3   248 0001:00094C3B
   249 0001:00094CA3   250 0001:00094D0B   252 0001:00094D73   253 0001:00094DDB
   254 0001:00094E43   255 0001:00094EAB   257 0001:00094F13   258 0001:00094F7B
   259 0001:00094FE3   260 0001:0009504B   262 0001:000950B3   263 0001:0009511B
   264 0001:00095183   265 0001:000951EB   267 0001:00095262   268 0001:00095294
   270 0001:000952CC   270 0001:000952D3

Line numbers for FrameTurb_Och6Acoustics(FrameTurb_Och6Acoustics.pas) segment .text

   207 0001:00095E84   207 0001:00095E8B

Line numbers for FrameTurb_TA12(FrameTurb_TA12.pas) segment .text

   368 0001:00097470   368 0001:00097477

Line numbers for FrameTurb_TEP_TA4_9(FrameTurb_TEP_TA4_9.pas) segment .text

   141 0001:00097D64   141 0001:00097D6B

Line numbers for FrameTurb_TEP_TA10_12(FrameTurb_TEP_TA10_12.pas) segment .text

   121 0001:0009850C   121 0001:00098513

Line numbers for FrameTurb_TEP_KA7_15(FrameTurb_TEP_KA7_15.pas) segment .text

   261 0001:000995EC   261 0001:000995F3

Line numbers for FrameTurb(FrameTurb.pas) segment .text

    63 0001:00099A18    64 0001:00099A1B    65 0001:00099A65    66 0001:00099A94
    68 0001:00099AF0    68 0001:00099AF7

Line numbers for FrameCollectSHA711(FrameCollectSHA711.pas) segment .text

   166 0001:0009A504   166 0001:0009A50B

Line numbers for FrameTeplosetBalans(FrameTeplosetBalans.pas) segment .text

   228 0001:0009B36C   228 0001:0009B373

Line numbers for FrameBereg(FrameBereg.pas) segment .text

    37 0001:0009B5E0    37 0001:0009B5E7

Line numbers for FrameGradirnya(FrameGradirnya.pas) segment .text

    89 0001:0009BB50    89 0001:0009BB57

Line numbers for FrameAskue(FrameAskue.pas) segment .text

   376 0001:0009D2E4   376 0001:0009D2EB

Line numbers for FrameUPS(FrameUPS.pas) segment .text

    69 0001:0009D780    70 0001:0009D7A2    71 0001:0009D7B0    72 0001:0009D7F3
    73 0001:0009D836    74 0001:0009D879    75 0001:0009D8BC    76 0001:0009D8FF
    77 0001:0009D942    78 0001:0009D985    79 0001:0009D9C8    80 0001:0009DA0B
    81 0001:0009DA4E    82 0001:0009DA91    83 0001:0009DAD4    84 0001:0009DB17
    86 0001:0009DB69    87 0001:0009DB90    89 0001:0009DBCC    89 0001:0009DBD3

Line numbers for FormAbout(FormAbout.pas) segment .text

    33 0001:000B124C    33 0001:000B1253

Line numbers for FrameOwnNeeds(FrameOwnNeeds.pas) segment .text

   183 0001:000B1D40   184 0001:000B1D43   185 0001:000B1D50   186 0001:000B1D70
   187 0001:000B1D7D   193 0001:000B1D80   194 0001:000B1DA3   195 0001:000B1DB1
   196 0001:000B1E25   197 0001:000B1EA5   198 0001:000B1F0E   200 0001:000B1F69
   202 0001:000B1F98   203 0001:000B1FA6   204 0001:000B2032   205 0001:000B20BE
   206 0001:000B2127   208 0001:000B2182   210 0001:000B21B1   211 0001:000B21BF
   212 0001:000B224B   213 0001:000B22D7   214 0001:000B2340   216 0001:000B239B
   218 0001:000B23CA   219 0001:000B23D8   220 0001:000B241E   222 0001:000B245E
   224 0001:000B248D   225 0001:000B249B   226 0001:000B24E1   228 0001:000B2521
   230 0001:000B2550   231 0001:000B255E   232 0001:000B25A4   234 0001:000B25E4
   236 0001:000B2613   237 0001:000B2621   238 0001:000B26AD   239 0001:000B26D0
   240 0001:000B26E9   242 0001:000B2726   243 0001:000B272E   245 0001:000B2761
   246 0001:000B276F   247 0001:000B2792   249 0001:000B27D2   251 0001:000B2801
   252 0001:000B280F   253 0001:000B2832   255 0001:000B2872   257 0001:000B28A1
   258 0001:000B28AF   259 0001:000B28D2   261 0001:000B2912   263 0001:000B2941
   264 0001:000B294F   265 0001:000B2972   267 0001:000B29B2   269 0001:000B29E1
   270 0001:000B29EF   271 0001:000B2A12   273 0001:000B2A52   275 0001:000B2A81
   276 0001:000B2A8F   277 0001:000B2AB2   279 0001:000B2AF2   281 0001:000B2B21
   282 0001:000B2B2F   283 0001:000B2B52   285 0001:000B2B92   287 0001:000B2BC1
   288 0001:000B2BCF   289 0001:000B2BF2   291 0001:000B2C32   293 0001:000B2C61
   294 0001:000B2C6F   295 0001:000B2C92   297 0001:000B2CD2   299 0001:000B2D01
   300 0001:000B2D0F   301 0001:000B2D32   303 0001:000B2D72   305 0001:000B2DA1
   306 0001:000B2DAF   307 0001:000B2DD2   309 0001:000B2E12   311 0001:000B2E41
   312 0001:000B2E4F   313 0001:000B2EDB   314 0001:000B2F67   315 0001:000B2FD0
   317 0001:000B302B   319 0001:000B305A   320 0001:000B3068   321 0001:000B30AE
   323 0001:000B30EE   325 0001:000B338E   327 0001:000B33DC   327 0001:000B33E3

Line numbers for FrameTeploset(FrameTeploset.pas) segment .text

    40 0001:000B3690    41 0001:000B36B2    42 0001:000B36C0    53 0001:000B39EB
    58 0001:000B3B37    63 0001:000B3C3C    64 0001:000B3D45    67 0001:000B3D5C
    68 0001:000B3D5F    69 0001:000B3D8A    71 0001:000B3DD8    71 0001:000B3DDF

Line numbers for FrameSummary(FrameSummary.pas) segment .text

   290 0001:000B4EBC   291 0001:000B4EBF   292 0001:000B4ECC   293 0001:000B4EEC
   294 0001:000B4EF9   297 0001:000B4EFC   298 0001:000B4F1D   299 0001:000B4F74
   300 0001:000B4FCB   301 0001:000B5022   302 0001:000B50E5   304 0001:000B512C
   304 0001:000B5133

Line numbers for MyCl(MyCl.pas) segment .text

    94 0001:000B5578   141 0001:000B5668   142 0001:000B566B   144 0001:000B5674
   145 0001:000B5682   147 0001:000B56A4   149 0001:000B56B2   150 0001:000B56C8
   153 0001:000B56D1   157 0001:000B56E7   160 0001:000B5734   161 0001:000B5737
   162 0001:000B5740   163 0001:000B5749   164 0001:000B575D   166 0001:000B576B
   167 0001:000B5781   170 0001:000B578A   190 0001:000B57A0   209 0001:000B57F4
   213 0001:000B581F   216 0001:000B583A   218 0001:000B5845   219 0001:000B5853
   223 0001:000B585B   224 0001:000B5860   225 0001:000B5863   227 0001:000B5873
   229 0001:000B5885   231 0001:000B588B   232 0001:000B5897   233 0001:000B58A0
   234 0001:000B58B0   235 0001:000B58C5   238 0001:000B58D8   239 0001:000B58E7
   240 0001:000B58F0   242 0001:000B5900   245 0001:000B590C   247 0001:000B5915
   254 0001:000B5922   255 0001:000B592E   257 0001:000B5944   259 0001:000B594E
   271 0001:000B59A8   273 0001:000B59EA   227 0001:000B59EB   275 0001:000B59F4
   277 0001:000B5A3A   280 0001:000B5AA8   281 0001:000B5AAB   284 0001:000B5AB0
   285 0001:000B5AB3   288 0001:000B5AB8   289 0001:000B5ABB   292 0001:000B5AC0
   293 0001:000B5AC3   365 0001:000B5AC8   367 0001:000B5ACB   368 0001:000B5AD4
   369 0001:000B5AE2   370 0001:000B5AFA   372 0001:000B5B08   375 0001:000B5B20
   377 0001:000B5B36   378 0001:000B5B40   379 0001:000B5B47   392 0001:000B5B84
   393 0001:000B5BA3   405 0001:000B5BB4   416 0001:000B5BD0   418 0001:000B5BDE
   421 0001:000B5BE8   422 0001:000B5BF5   423 0001:000B5C06   427 0001:000B5C14
   429 0001:000B5C47   431 0001:000B5C56   433 0001:000B5C5F   446 0001:000B5C7A
   447 0001:000B5C93   451 0001:000B5C95   452 0001:000B5CBD   454 0001:000B5CCB
   455 0001:000B5CE4   458 0001:000B5CED   459 0001:000B5D06   470 0001:000B5D08
   472 0001:000B5D30   477 0001:000B5E38   478 0001:000B5E41   479 0001:000B5E50
   482 0001:000B5E54   483 0001:000B5E57   484 0001:000B5E72   488 0001:000B5E74
   489 0001:000B5E83   492 0001:000B5E84   493 0001:000B5E87   494 0001:000B5EA2
   495 0001:000B5EA9   496 0001:000B5EAE   504 0001:000B5EB0   505 0001:000B5ECF
   506 0001:000B5EF7   507 0001:000B5F37   509 0001:000B5F77   510 0001:000B5F90
   511 0001:000B5F9D   512 0001:000B5FAE   513 0001:000B5FB8   514 0001:000B5FCC
   520 0001:000B5FD7   522 0001:000B5FFC   523 0001:000B6010   524 0001:000B601E
   525 0001:000B602E   526 0001:000B6053   527 0001:000B6065   528 0001:000B606F
   529 0001:000B6072   530 0001:000B6077   531 0001:000B607B   532 0001:000B6087
   522 0001:000B6088   534 0001:000B608B   535 0001:000B6093   536 0001:000B60A7
   537 0001:000B6112   540 0001:000B61C0   541 0001:000B61C3   542 0001:000B61DF
   549 0001:000B61E4   550 0001:000B6203   551 0001:000B622B   552 0001:000B626B
   554 0001:000B62B9   555 0001:000B62D2   556 0001:000B62DF   557 0001:000B62F0
   559 0001:000B62FA   560 0001:000B630E   561 0001:000B631C   562 0001:000B632C
   563 0001:000B6351   564 0001:000B6363   565 0001:000B636D   566 0001:000B6370
   567 0001:000B6375   568 0001:000B6379   569 0001:000B6385   559 0001:000B6386
   571 0001:000B6389   572 0001:000B6391   573 0001:000B63C2   580 0001:000B6430
   581 0001:000B644F   582 0001:000B6477   584 0001:000B64B7   585 0001:000B64D0
   586 0001:000B64DD   587 0001:000B64EE   589 0001:000B64F8   596 0001:000B650A
   597 0001:000B651E   598 0001:000B652C   599 0001:000B653C   600 0001:000B6561
   601 0001:000B6573   602 0001:000B657D   603 0001:000B6580   604 0001:000B6585
   605 0001:000B6589   606 0001:000B6595   596 0001:000B6596   608 0001:000B6599
   609 0001:000B65A1   610 0001:000B65D2   625 0001:000B6648   629 0001:000B664C
   630 0001:000B665B   632 0001:000B66C8   632 0001:000B66CF

Line numbers for OPCutils(OPCutils.pas) segment .text

    59 0001:000B66D0    60 0001:000B6707    61 0001:000B670C    63 0001:000B6712
    64 0001:000B6717    69 0001:000B675C    71 0001:000B6767    73 0001:000B679D
    87 0001:000B67B8    88 0001:000B67DD    90 0001:000B67E3    91 0001:000B67EA
    93 0001:000B67EF    95 0001:000B67FC   100 0001:000B680C   101 0001:000B6814
   102 0001:000B6822   103 0001:000B682C   104 0001:000B6833   105 0001:000B6839
   106 0001:000B683E   107 0001:000B6843   109 0001:000B684B   110 0001:000B6864
    95 0001:000B6865   111 0001:000B6868   112 0001:000B6889   115 0001:000B6899
   116 0001:000B68A7   117 0001:000B68B7   119 0001:000B68C7   120 0001:000B68D7
   122 0001:000B68E3   124 0001:000B68EC   125 0001:000B68F0   126 0001:000B6914
   129 0001:000B6938   117 0001:000B6939   132 0001:000B6949   133 0001:000B6952
   136 0001:000B6983   151 0001:000B69A0   152 0001:000B69C4   154 0001:000B69CA
   155 0001:000B69CF   157 0001:000B69D1   159 0001:000B69DE   161 0001:000B69EB
   162 0001:000B69F4   163 0001:000B69FD   159 0001:000B69FE   164 0001:000B6A01
   165 0001:000B6A1A   167 0001:000B6A25   168 0001:000B6A2A   170 0001:000B6A52
   178 0001:000B6A5C   179 0001:000B6A91   180 0001:000B6A98   181 0001:000B6AA6
   183 0001:000B6AC5   185 0001:000B6AD2   189 0001:000B6AD8   190 0001:000B6AE4
   191 0001:000B6AEB   192 0001:000B6AF0   193 0001:000B6AF7   195 0001:000B6AFE
   196 0001:000B6B05   197 0001:000B6B1F   199 0001:000B6B2B   202 0001:000B6B62
   208 0001:000B6B7C   209 0001:000B6BA6   210 0001:000B6BAD   211 0001:000B6BBB
   213 0001:000B6BDA   215 0001:000B6BE7   217 0001:000B6BED   218 0001:000B6BFD
   220 0001:000B6C42   335 0001:000B6C88   336 0001:000B6CBA   337 0001:000B6CC1
   341 0001:000B6CCB   342 0001:000B6CD0   343 0001:000B6CDD   345 0001:000B6CEA
   346 0001:000B6CF3   348 0001:000B6CF9   349 0001:000B6D09   351 0001:000B6D0C
   343 0001:000B6D0D   352 0001:000B6D10   353 0001:000B6D1E   355 0001:000B6D3D
   357 0001:000B6D4A   359 0001:000B6D54   360 0001:000B6D72   361 0001:000B6D78
   362 0001:000B6D7D   365 0001:000B6D82   367 0001:000B6D91   368 0001:000B6DAB
   369 0001:000B6DBC   371 0001:000B6E0B   372 0001:000B6E18   383 0001:000B6E9C
   391 0001:000B6EF4   392 0001:000B6F12   393 0001:000B6F3B   394 0001:000B6F64
   397 0001:000B6F8B   365 0001:000B6F8C   399 0001:000B6F93   401 0001:000B6F9F
   402 0001:000B6FA7   404 0001:000B6FB0   407 0001:000B6FF6   424 0001:000B7030
   425 0001:000B703E   426 0001:000B705D   427 0001:000B707F   429 0001:000B708F
   430 0001:000B70AC   433 0001:000B70C5   434 0001:000B70E2   437 0001:000B70EA
   441 0001:000B7154   445 0001:000B715E   446 0001:000B7172   448 0001:000B717A
   453 0001:000B717C   454 0001:000B7185   455 0001:000B7196   456 0001:000B71AF
   454 0001:000B71CE   457 0001:000B71D1   459 0001:000B721C   459 0001:000B7223

Line numbers for MyOPC(Z:\E\Projects\Delphi\OPCClient\OPCClient.dpr) segment .text

    53 0001:000B7634    54 0001:000B7644    55 0001:000B7650    56 0001:000B7661
    57 0001:000B7679    58 0001:000B7691    59 0001:000B769D

Bound resource files

c:\program files\borland\delphi7\Lib\Buttons.res
c:\program files\borland\delphi7\Lib\ExtDlgs.res
c:\program files\borland\delphi7\Lib\Controls.res
c:\program files\borland\delphi7\Lib\QButtons.res
c:\program files\borland\delphi7\Lib\QFileCtrls.res
c:\program files\borland\delphi7\Lib\QFileDialog.xfm
c:\program files\borland\delphi7\Lib\QDialogs.res
c:\program files\borland\delphi7\Lib\SPIN.RES
FrameCollectSPT.dfm
FrameChemist.dfm
FrameChemist2.dfm
FrameTurb_Ochered4.dfm
FrameTurb_Ochered5.dfm
FrameTurb_TA10.dfm
FrameTurb_Ochered7.dfm
FrameTurb_ROU10_13.dfm
FrameTurb_KA.dfm
FrameTurb_NGVS.dfm
FrameTurb_Och4KA.dfm
FrameTurb_Och5KA.dfm
FrameTurb_Och6KA.dfm
FrameTurb_Och7KA.dfm
FrameTurb_PDU.dfm
FrameGASMET.dfm
FrameTurb_Och6Acoustics.dfm
FrameTurb_TA12.dfm
FrameTurb_TEP_TA4_9.dfm
FrameTurb_TEP_TA10_12.dfm
FrameTurb_TEP_KA7_15.dfm
FrameTurb.dfm
FrameCollectSHA711.dfm
FrameTeplosetBalans.dfm
FrameBereg.dfm
FrameGradirnya.dfm
FrameAskue.dfm
FrameUPS.dfm
FormAbout.dfm
FrameOwnNeeds.dfm
FrameTeploset.dfm
FrameSummary.dfm
MyCl.DFM
MyOPC.RES
MyOPC.drf


Program entry point at 0001:000B7634
